Component: ARM Compiler 5.06 update 7 (build 960) Tool: armlink [4d3601]

==============================================================================

Section Cross References

    startup_stm32f446xx.o(RESET) refers to startup_stm32f446xx.o(STACK) for __initial_sp
    startup_stm32f446xx.o(RESET) refers to startup_stm32f446xx.o(.text) for Reset_Handler
    startup_stm32f446xx.o(RESET) refers to stm32f4xx_it.o(i.NMI_Handler) for NMI_Handler
    startup_stm32f446xx.o(RESET) refers to stm32f4xx_it.o(i.HardFault_Handler) for HardFault_Handler
    startup_stm32f446xx.o(RESET) refers to stm32f4xx_it.o(i.MemManage_Handler) for MemManage_Handler
    startup_stm32f446xx.o(RESET) refers to stm32f4xx_it.o(i.BusFault_Handler) for BusFault_Handler
    startup_stm32f446xx.o(RESET) refers to stm32f4xx_it.o(i.UsageFault_Handler) for UsageFault_Handler
    startup_stm32f446xx.o(RESET) refers to stm32f4xx_it.o(i.SVC_Handler) for SVC_Handler
    startup_stm32f446xx.o(RESET) refers to stm32f4xx_it.o(i.DebugMon_Handler) for DebugMon_Handler
    startup_stm32f446xx.o(RESET) refers to stm32f4xx_it.o(i.PendSV_Handler) for PendSV_Handler
    startup_stm32f446xx.o(RESET) refers to stm32f4xx_it.o(i.SysTick_Handler) for SysTick_Handler
    startup_stm32f446xx.o(RESET) refers to stm32f4xx_it.o(i.USART1_IRQHandler) for USART1_IRQHandler
    startup_stm32f446xx.o(RESET) refers to stm32f4xx_it.o(i.DMA2_Stream1_IRQHandler) for DMA2_Stream1_IRQHandler
    startup_stm32f446xx.o(RESET) refers to stm32f4xx_it.o(i.DMA2_Stream2_IRQHandler) for DMA2_Stream2_IRQHandler
    startup_stm32f446xx.o(RESET) refers to stm32f4xx_it.o(i.DMA2_Stream6_IRQHandler) for DMA2_Stream6_IRQHandler
    startup_stm32f446xx.o(RESET) refers to stm32f4xx_it.o(i.DMA2_Stream7_IRQHandler) for DMA2_Stream7_IRQHandler
    startup_stm32f446xx.o(.text) refers to system_stm32f4xx.o(i.SystemInit) for SystemInit
    startup_stm32f446xx.o(.text) refers to entry.o(.ARM.Collect$$$$00000000) for __main
    main.o(i.Calculate_Angles) refers to stm32f4xx_hal.o(i.HAL_GetTick) for HAL_GetTick
    main.o(i.Calculate_Angles) refers to sqrtf.o(i.__hardfp_sqrtf) for __hardfp_sqrtf
    main.o(i.Calculate_Angles) refers to atan2f.o(i.__hardfp_atan2f) for __hardfp_atan2f
    main.o(i.Calculate_Angles) refers to f2d.o(.text) for __aeabi_f2d
    main.o(i.Calculate_Angles) refers to ddiv.o(.text) for __aeabi_ddiv
    main.o(i.Calculate_Angles) refers to d2f.o(.text) for __aeabi_d2f
    main.o(i.Calculate_Angles) refers to fmodf.o(i.__hardfp_fmodf) for __hardfp_fmodf
    main.o(i.Calculate_Angles) refers to main.o(.data) for .data
    main.o(i.Calculate_Motor_RPM) refers to stm32f4xx_hal.o(i.HAL_GetTick) for HAL_GetTick
    main.o(i.Calculate_Motor_RPM) refers to main.o(.data) for .data
    main.o(i.Calculate_Motor_RPM) refers to tim.o(.bss) for htim2
    main.o(i.ControlMotor) refers to main.o(i.Reset_All_Controllers) for Reset_All_Controllers
    main.o(i.ControlMotor) refers to tim.o(.bss) for htim3
    main.o(i.ControlMotor) refers to main.o(.data) for .data
    main.o(i.HAL_UART_RxCpltCallback) refers to main.o(i.Motor_Velocity_Control_With_Heading) for Motor_Velocity_Control_With_Heading
    main.o(i.HAL_UART_RxCpltCallback) refers to main.o(i.PID_Controller_Update) for PID_Controller_Update
    main.o(i.HAL_UART_RxCpltCallback) refers to fminf.o(i.__hardfp_fminf) for __hardfp_fminf
    main.o(i.HAL_UART_RxCpltCallback) refers to fmaxf.o(i.__hardfp_fmaxf) for __hardfp_fmaxf
    main.o(i.HAL_UART_RxCpltCallback) refers to main.o(i.ControlMotor) for ControlMotor
    main.o(i.HAL_UART_RxCpltCallback) refers to main.o(i.StepMove_Start) for StepMove_Start
    main.o(i.HAL_UART_RxCpltCallback) refers to stm32f4xx_hal_uart.o(i.HAL_UART_Receive_IT) for HAL_UART_Receive_IT
    main.o(i.HAL_UART_RxCpltCallback) refers to stm32f4xx_hal_uart.o(i.HAL_UART_Receive_DMA) for HAL_UART_Receive_DMA
    main.o(i.HAL_UART_RxCpltCallback) refers to usart.o(.bss) for huart1
    main.o(i.HAL_UART_RxCpltCallback) refers to main.o(.data) for .data
    main.o(i.HAL_UART_RxCpltCallback) refers to tim.o(.bss) for htim3
    main.o(i.HAL_UART_RxCpltCallback) refers to main.o(.bss) for .bss
    main.o(i.HandleTurnToAngle) refers to main.o(i.ControlMotor) for ControlMotor
    main.o(i.HandleTurnToAngle) refers to main.o(.data) for .data
    main.o(i.Heading_PID_Controller_Init) refers to stm32f4xx_hal.o(i.HAL_GetTick) for HAL_GetTick
    main.o(i.Heading_PID_Controller_Update) refers to stm32f4xx_hal.o(i.HAL_GetTick) for HAL_GetTick
    main.o(i.Initialize_PID_System) refers to main.o(i.PID_Controller_Init) for PID_Controller_Init
    main.o(i.Initialize_PID_System) refers to main.o(i.Heading_PID_Controller_Init) for Heading_PID_Controller_Init
    main.o(i.Initialize_PID_System) refers to main.o(.bss) for .bss
    main.o(i.MPU6500_Calibrate) refers to stm32f4xx_hal_uart.o(i.HAL_UART_Transmit) for HAL_UART_Transmit
    main.o(i.MPU6500_Calibrate) refers to stm32f4xx_hal.o(i.HAL_Delay) for HAL_Delay
[...]
    i.SendLidarToBluetooth                   0x08005444   Section        0  main.o(i.SendLidarToBluetooth)
    i.Send_Odom_Bluetooth                    0x08005518   Section        0  main.o(i.Send_Odom_Bluetooth)
    i.Send_Odom_Snapshot                     0x080055c0   Section        0  main.o(i.Send_Odom_Snapshot)
    i.StepMove_Check                         0x08005690   Section        0  main.o(i.StepMove_Check)
    i.StepMove_Start                         0x08005720   Section        0  main.o(i.StepMove_Start)
    i.SysTick_Handler                        0x08005748   Section        0  stm32f4xx_it.o(i.SysTick_Handler)
    i.SystemClock_Config                     0x0800574c   Section        0  main.o(i.SystemClock_Config)
    i.SystemInit                             0x080057ec   Section        0  system_stm32f4xx.o(i.SystemInit)
    i.TIM_Base_SetConfig                     0x080057fc   Section        0  stm32f4xx_hal_tim.o(i.TIM_Base_SetConfig)
    i.TIM_CCxChannelCmd                      0x080058cc   Section        0  stm32f4xx_hal_tim.o(i.TIM_CCxChannelCmd)
    i.TIM_OC1_SetConfig                      0x080058e8   Section        0  stm32f4xx_hal_tim.o(i.TIM_OC1_SetConfig)
    TIM_OC1_SetConfig                        0x080058e9   Thumb Code    88  stm32f4xx_hal_tim.o(i.TIM_OC1_SetConfig)
    i.TIM_OC2_SetConfig                      0x08005948   Section        0  stm32f4xx_hal_tim.o(i.TIM_OC2_SetConfig)
    i.TIM_OC3_SetConfig                      0x080059b4   Section        0  stm32f4xx_hal_tim.o(i.TIM_OC3_SetConfig)
    TIM_OC3_SetConfig                        0x080059b5   Thumb Code    96  stm32f4xx_hal_tim.o(i.TIM_OC3_SetConfig)
    i.TIM_OC4_SetConfig                      0x08005a1c   Section        0  stm32f4xx_hal_tim.o(i.TIM_OC4_SetConfig)
    TIM_OC4_SetConfig                        0x08005a1d   Thumb Code    70  stm32f4xx_hal_tim.o(i.TIM_OC4_SetConfig)
    i.UART_DMAAbortOnError                   0x08005a6c   Section        0  stm32f4xx_hal_uart.o(i.UART_DMAAbortOnError)
    UART_DMAAbortOnError                     0x08005a6d   Thumb Code    14  stm32f4xx_hal_uart.o(i.UART_DMAAbortOnError)
    i.UART_DMAError                          0x08005a7a   Section        0  stm32f4xx_hal_uart.o(i.UART_DMAError)
    UART_DMAError                            0x08005a7b   Thumb Code    74  stm32f4xx_hal_uart.o(i.UART_DMAError)
    i.UART_DMAReceiveCplt                    0x08005ac4   Section        0  stm32f4xx_hal_uart.o(i.UART_DMAReceiveCplt)
    UART_DMAReceiveCplt                      0x08005ac5   Thumb Code   134  stm32f4xx_hal_uart.o(i.UART_DMAReceiveCplt)
    i.UART_DMARxHalfCplt                     0x08005b4a   Section        0  stm32f4xx_hal_uart.o(i.UART_DMARxHalfCplt)
    UART_DMARxHalfCplt                       0x08005b4b   Thumb Code    30  stm32f4xx_hal_uart.o(i.UART_DMARxHalfCplt)
    i.UART_EndRxTransfer                     0x08005b68   Section        0  stm32f4xx_hal_uart.o(i.UART_EndRxTransfer)
    UART_EndRxTransfer                       0x08005b69   Thumb Code    78  stm32f4xx_hal_uart.o(i.UART_EndRxTransfer)
    i.UART_EndTxTransfer                     0x08005bb6   Section        0  stm32f4xx_hal_uart.o(i.UART_EndTxTransfer)
    UART_EndTxTransfer                       0x08005bb7   Thumb Code    28  stm32f4xx_hal_uart.o(i.UART_EndTxTransfer)
    i.UART_Receive_IT                        0x08005bd2   Section        0  stm32f4xx_hal_uart.o(i.UART_Receive_IT)
    UART_Receive_IT                          0x08005bd3   Thumb Code   194  stm32f4xx_hal_uart.o(i.UART_Receive_IT)
    i.UART_SetConfig                         0x08005c94   Section        0  stm32f4xx_hal_uart.o(i.UART_SetConfig)
    UART_SetConfig                           0x08005c95   Thumb Code   258  stm32f4xx_hal_uart.o(i.UART_SetConfig)
    i.UART_Start_Receive_DMA                 0x08005da0   Section        0  stm32f4xx_hal_uart.o(i.UART_Start_Receive_DMA)
    i.UART_Start_Receive_IT                  0x08005e40   Section        0  stm32f4xx_hal_uart.o(i.UART_Start_Receive_IT)
    i.UART_WaitOnFlagUntilTimeout            0x08005e76   Section        0  stm32f4xx_hal_uart.o(i.UART_WaitOnFlagUntilTimeout)
    UART_WaitOnFlagUntilTimeout              0x08005e77   Thumb Code   114  stm32f4xx_hal_uart.o(i.UART_WaitOnFlagUntilTimeout)
    i.USART1_IRQHandler                      0x08005ee8   Section        0  stm32f4xx_it.o(i.USART1_IRQHandler)
    i.UpdateSpeedRamp                        0x08005ef4   Section        0  main.o(i.UpdateSpeedRamp)
    i.Update_Motor_PID_Control               0x08005f44   Section        0  main.o(i.Update_Motor_PID_Control)
    i.UsageFault_Handler                     0x08005ff4   Section        0  stm32f4xx_it.o(i.UsageFault_Handler)
    i.__0snprintf                            0x08005ff8   Section        0  printfa.o(i.__0snprintf)
    i.__ARM_fpclassifyf                      0x0800602c   Section        0  fpclassifyf.o(i.__ARM_fpclassifyf)
    i.__NVIC_SetPriority                     0x08006052   Section        0  stm32f4xx_hal_cortex.o(i.__NVIC_SetPriority)
    __NVIC_SetPriority                       0x08006053   Thumb Code    32  stm32f4xx_hal_cortex.o(i.__NVIC_SetPriority)
    i.__hardfp_acosf                         0x08006074   Section        0  acosf.o(i.__hardfp_acosf)
    i.__hardfp_atan2f                        0x0800618c   Section        0  atan2f.o(i.__hardfp_atan2f)
    i.__hardfp_cosf                          0x08006438   Section        0  cosf.o(i.__hardfp_cosf)
    i.__hardfp_fmaxf                         0x08006588   Section        0  fmaxf.o(i.__hardfp_fmaxf)
    i.__hardfp_fminf                         0x080065d0   Section        0  fminf.o(i.__hardfp_fminf)
    i.__hardfp_fmodf                         0x08006618   Section        0  fmodf.o(i.__hardfp_fmodf)
    i.__hardfp_sinf                          0x080066c8   Section        0  sinf.o(i.__hardfp_sinf)
    i.__hardfp_sqrtf                         0x08006858   Section        0  sqrtf.o(i.__hardfp_sqrtf)
    i.__mathlib_flt_infnan                   0x08006892   Section        0  funder.o(i.__mathlib_flt_infnan)
    i.__mathlib_flt_infnan2                  0x08006898   Section        0  funder.o(i.__mathlib_flt_infnan2)
    i.__mathlib_flt_invalid                  0x080068a0   Section        0  funder.o(i.__mathlib_flt_invalid)
    i.__mathlib_flt_underflow                0x080068b0   Section        0  funder.o(i.__mathlib_flt_underflow)
    i.__mathlib_rredf2                       0x080068c0   Section        0  rredf.o(i.__mathlib_rredf2)
    i.__scatterload_copy                     0x08006a14   Section       14  handlers.o(i.__scatterload_copy)
    i.__scatterload_null                     0x08006a22   Section        2  handlers.o(i.__scatterload_null)
    i.__scatterload_zeroinit                 0x08006a24   Section       14  handlers.o(i.__scatterload_zeroinit)
    i.__set_errno                            0x08006a34   Section        0  errno.o(i.__set_errno)
    i._fp_digits                             0x08006a40   Section        0  printfa.o(i._fp_digits)
    _fp_digits                               0x08006a41   Thumb Code   366  printfa.o(i._fp_digits)
    i._printf_core                           0x08006bc4   Section        0  printfa.o(i._printf_core)
    _printf_core                             0x08006bc5   Thumb Code  1704  printfa.o(i._printf_core)
    i._printf_post_padding                   0x08007278   Section        0  printfa.o(i._printf_post_padding)
    _printf_post_padding                     0x08007279   Thumb Code    36  printfa.o(i._printf_post_padding)
    i._printf_pre_padding                    0x0800729c   Section        0  printfa.o(i._printf_pre_padding)
    _printf_pre_padding                      0x0800729d   Thumb Code    46  printfa.o(i._printf_pre_padding)
    i._snputc                                0x080072ca   Section        0  printfa.o(i._snputc)
    _snputc                                  0x080072cb   Thumb Code    22  printfa.o(i._snputc)
    i._wrap_pi                               0x080072e0   Section        0  main.o(i._wrap_pi)
    _wrap_pi                                 0x080072e1   Thumb Code    92  main.o(i._wrap_pi)
    i.invSqrt                                0x0800734c   Section        0  quaternionekf.o(i.invSqrt)
    invSqrt                                  0x0800734d   Thumb Code    40  quaternionekf.o(i.invSqrt)
    i.main                                   0x08007378   Section        0  main.o(i.main)
    i.malloc                                 0x0800766c   Section        0  malloc.o(i.malloc)
    i.sqrtf                                  0x080076d8   Section        0  sqrtf.o(i.sqrtf)
    .constdata                               0x08007716   Section        8  stm32f4xx_hal_dma.o(.constdata)
    flagBitshiftOffset                       0x08007716   Data           8  stm32f4xx_hal_dma.o(.constdata)
    .constdata                               0x0800771e   Section       16  system_stm32f4xx.o(.constdata)
    .constdata                               0x0800772e   Section        8  system_stm32f4xx.o(.constdata)
    .constdata                               0x08007738   Section      144  quaternionekf.o(.constdata)
    .constdata                               0x080077c8   Section       32  rredf.o(.constdata)
    twooverpi                                0x080077c8   Data          32  rredf.o(.constdata)
    .data                                    0x20000000   Section      224  main.o(.data)
    prev_cnt_left                            0x20000080   Data           4  main.o(.data)
    prev_cnt_right                           0x20000084   Data           4  main.o(.data)
    last_odom_ms                             0x20000088   Data           4  main.o(.data)
    last_encoder_time                        0x200000a8   Data           4  main.o(.data)
    last_encoder_left                        0x200000ac   Data           4  main.o(.data)
    last_encoder_right                       0x200000b0   Data           4  main.o(.data)
    last_pid_time                            0x200000b4   Data           4  main.o(.data)
    last_heading_update                      0x200000b8   Data           4  main.o(.data)
    invalid_angle_count                      0x200000bc   Data           4  main.o(.data)
    last_send_time                           0x200000c0   Data           4  main.o(.data)
    last_time                                0x200000c4   Data           4  main.o(.data)
    last_tx                                  0x200000c8   Data           4  main.o(.data)
    .data                                    0x200000e0   Section       12  stm32f4xx_hal.o(.data)
    .data                                    0x200000ec   Section        4  system_stm32f4xx.o(.data)
    .data                                    0x200000f0   Section       64  bsp_dwt.o(.data)
    CPU_FREQ_Hz                              0x200000f0   Data           4  bsp_dwt.o(.data)
    CPU_FREQ_Hz_ms                           0x200000f4   Data           4  bsp_dwt.o(.data)
    CPU_FREQ_Hz_us                           0x200000f8   Data           4  bsp_dwt.o(.data)
    CYCCNT_RountCount                        0x200000fc   Data           4  bsp_dwt.o(.data)
    CYCCNT_LAST                              0x20000100   Data           4  bsp_dwt.o(.data)
    CNT_TEMP1                                0x20000108   Data           8  bsp_dwt.o(.data)
    CNT_TEMP2                                0x20000110   Data           8  bsp_dwt.o(.data)
    CNT_TEMP3                                0x20000118   Data           8  bsp_dwt.o(.data)
    .data                                    0x20000130   Section        4  kalman_filter_whx.o(.data)
    .data                                    0x20000134   Section      212  quaternionekf.o(.data)
    halfgxdt                                 0x20000134   Data           4  quaternionekf.o(.data)
    halfgydt                                 0x20000138   Data           4  quaternionekf.o(.data)
    halfgzdt                                 0x2000013c   Data           4  quaternionekf.o(.data)
    accelInvNorm                             0x20000140   Data           4  quaternionekf.o(.data)
    q0                                       0x20000144   Data           4  quaternionekf.o(.data)
    q1                                       0x20000148   Data           4  quaternionekf.o(.data)
    q2                                       0x2000014c   Data           4  quaternionekf.o(.data)
    q3                                       0x20000150   Data           4  quaternionekf.o(.data)
    qInvNorm                                 0x20000154   Data           4  quaternionekf.o(.data)
    doubleq0                                 0x20000158   Data           4  quaternionekf.o(.data)
    doubleq1                                 0x2000015c   Data           4  quaternionekf.o(.data)
    doubleq2                                 0x20000160   Data           4  quaternionekf.o(.data)
    doubleq3                                 0x20000164   Data           4  quaternionekf.o(.data)
    q0                                       0x20000168   Data           4  quaternionekf.o(.data)
    q1                                       0x2000016c   Data           4  quaternionekf.o(.data)
    q2                                       0x20000170   Data           4  quaternionekf.o(.data)
    q3                                       0x20000174   Data           4  quaternionekf.o(.data)
    .data                                    0x20000208   Section       44  task_gyro.o(.data)
    dt                                       0x2000020c   Data           4  task_gyro.o(.data)
    t                                        0x20000210   Data           4  task_gyro.o(.data)
    count                                    0x20000230   Data           4  task_gyro.o(.data)
    .data                                    0x20000234   Section        4  mvars.o(.data)
    .data                                    0x20000238   Section        4  mvars.o(.data)
    .data                                    0x2000023c   Section        4  errno.o(.data)
    _errno                                   0x2000023c   Data           4  errno.o(.data)
    .bss                                     0x20000240   Section      388  main.o(.bss)
    .bss                                     0x200003c4   Section       72  adc.o(.bss)
    .bss                                     0x2000040c   Section       84  i2c.o(.bss)
    .bss                                     0x20000460   Section      216  tim.o(.bss)
    .bss                                     0x20000538   Section      528  usart.o(.bss)
    .bss                                     0x20000748   Section      624  quaternionekf.o(.bss)
    .bss                                     0x200009b8   Section      156  task_gyro.o(.bss)
    HEAP                                     0x20000a58   Section      512  startup_stm32f446xx.o(HEAP)
    STACK                                    0x20000c58   Section     1024  startup_stm32f446xx.o(STACK)

    Global Symbols

    Symbol Name                              Value     Ov Type        Size  Object(Section)

    BuildAttributes$$THM_ISAv4$E$P$D$K$B$S$7EM$VFPi3$EXTD16$VFPS$VFMA$PE$A:L22UL41UL21$X:L11$S22US41US21$IEEE1$IW$USESV6$~STKCKD$USESV7$~SHL$OTIME$ROPI$IEEEX$EBA8$MICROLIB$REQ8$PRES8$EABIv2 0x00000000   Number         0  anon$$obj.o ABSOLUTE
    __ARM_use_no_argv                        0x00000000   Number         0  main.o ABSOLUTE
    _printf_a                                0x00000000   Number         0  stubs.o ABSOLUTE
    _printf_c                                0x00000000   Number         0  stubs.o ABSOLUTE
    _printf_charcount                        0x00000000   Number         0  stubs.o ABSOLUTE
    _printf_d                                0x00000000   Number         0  stubs.o ABSOLUTE
    _printf_e                                0x00000000   Number         0  stubs.o ABSOLUTE
    _printf_f                                0x00000000   Number         0  stubs.o ABSOLUTE
    _printf_flags                            0x00000000   Number         0  stubs.o ABSOLUTE
    _printf_fp_dec                           0x00000000   Number         0  stubs.o ABSOLUTE
    _printf_fp_hex                           0x00000000   Number         0  stubs.o ABSOLUTE
    _printf_g                                0x00000000   Number         0  stubs.o ABSOLUTE
    _printf_i                                0x00000000   Number         0  stubs.o ABSOLUTE
    _printf_int_dec                          0x00000000   Number         0  stubs.o ABSOLUTE
    _printf_l                                0x00000000   Number         0  stubs.o ABSOLUTE
    _printf_lc                               0x00000000   Number         0  stubs.o ABSOLUTE
    _printf_ll                               0x00000000   Number         0  stubs.o ABSOLUTE
    _printf_lld                              0x00000000   Number         0  stubs.o ABSOLUTE
    _printf_lli                              0x00000000   Number         0  stubs.o ABSOLUTE
    _printf_llo                              0x00000000   Number         0  stubs.o ABSOLUTE
    _printf_llu                              0x00000000   Number         0  stubs.o ABSOLUTE
    _printf_llx                              0x00000000   Number         0  stubs.o ABSOLUTE
    _printf_longlong_dec                     0x00000000   Number         0  stubs.o ABSOLUTE
    _printf_longlong_hex                     0x00000000   Number         0  stubs.o ABSOLUTE
    _printf_longlong_oct                     0x00000000   Number         0  stubs.o ABSOLUTE
    _printf_ls                               0x00000000   Number         0  stubs.o ABSOLUTE
    _printf_mbtowc                           0x00000000   Number         0  stubs.o ABSOLUTE
    _printf_n                                0x00000000   Number         0  stubs.o ABSOLUTE
    _printf_o                                0x00000000   Number         0  stubs.o ABSOLUTE
    _printf_p                                0x00000000   Number         0  stubs.o ABSOLUTE
    _printf_percent                          0x00000000   Number         0  stubs.o ABSOLUTE
    _printf_pre_padding                      0x00000000   Number         0  stubs.o ABSOLUTE
    _printf_return_value                     0x00000000   Number         0  stubs.o ABSOLUTE
    _printf_s                                0x00000000   Number         0  stubs.o ABSOLUTE
    _printf_sizespec                         0x00000000   Number         0  stubs.o ABSOLUTE
    _printf_str                              0x00000000   Number         0  stubs.o ABSOLUTE
    _printf_truncate_signed                  0x00000000   Number         0  stubs.o ABSOLUTE
    _printf_truncate_unsigned                0x00000000   Number         0  stubs.o ABSOLUTE
    _printf_u                                0x00000000   Number         0  stubs.o ABSOLUTE
    _printf_wc                               0x00000000   Number         0  stubs.o ABSOLUTE
    _printf_wctomb                           0x00000000   Number         0  stubs.o ABSOLUTE
    _printf_widthprec                        0x00000000   Number         0  stubs.o ABSOLUTE
    _printf_x                                0x00000000   Number         0  stubs.o ABSOLUTE
    __arm_fini_                               - Undefined Weak Reference
    __cpp_initialize__aeabi_                  - Undefined Weak Reference
    __cxa_finalize                            - Undefined Weak Reference
    _clock_init                               - Undefined Weak Reference
    _microlib_exit                            - Undefined Weak Reference
    __Vectors_Size                           0x000001c4   Number         0  startup_stm32f446xx.o ABSOLUTE
    __Vectors                                0x08000000   Data           4  startup_stm32f446xx.o(RESET)
    __Vectors_End                            0x080001c4   Data           0  startup_stm32f446xx.o(RESET)
    __main                                   0x080001c5   Thumb Code     0  entry.o(.ARM.Collect$$$$00000000)
    _main_stk                                0x080001c5   Thumb Code     0  entry2.o(.ARM.Collect$$$$00000001)
    _main_scatterload                        0x080001c9   Thumb Code     0  entry5.o(.ARM.Collect$$$$00000004)
    __main_after_scatterload                 0x080001cd   Thumb Code     0  entry5.o(.ARM.Collect$$$$00000004)
    _main_clock                              0x080001cd   Thumb Code     0  entry7b.o(.ARM.Collect$$$$00000008)
    _main_cpp_init                           0x080001cd   Thumb Code     0  entry8b.o(.ARM.Collect$$$$0000000A)
    _main_init                               0x080001cd   Thumb Code     0  entry9a.o(.ARM.Collect$$$$0000000B)
    __rt_lib_shutdown_fini                   0x080001d5   Thumb Code     0  entry12b.o(.ARM.Collect$$$$0000000E)
    __rt_final_cpp                           0x080001d9   Thumb Code     0  entry10a.o(.ARM.Collect$$$$0000000F)
    __rt_final_exit                          0x080001d9   Thumb Code     0  entry11a.o(.ARM.Collect$$$$00000011)
    Reset_Handler                            0x080001dd   Thumb Code     8  startup_stm32f446xx.o(.text)
    ADC_IRQHandler                           0x080001f7   Thumb Code     0  startup_stm32f446xx.o(.text)
    CAN1_RX0_IRQHandler                      0x080001f7   Thumb Code     0  startup_stm32f446xx.o(.text)
    CAN1_RX1_IRQHandler                      0x080001f7   Thumb Code     0  startup_stm32f446xx.o(.text)
    CAN1_SCE_IRQHandler                      0x080001f7   Thumb Code     0  startup_stm32f446xx.o(.text)
    CAN1_TX_IRQHandler                       0x080001f7   Thumb Code     0  startup_stm32f446xx.o(.text)
    CAN2_RX0_IRQHandler                      0x080001f7   Thumb Code     0  startup_stm32f446xx.o(.text)
    CAN2_RX1_IRQHandler                      0x080001f7   Thumb Code     0  startup_stm32f446xx.o(.text)
    CAN2_SCE_IRQHandler                      0x080001f7   Thumb Code     0  startup_stm32f446xx.o(.text)
    CAN2_TX_IRQHandler                       0x080001f7   Thumb Code     0  startup_stm32f446xx.o(.text)
    CEC_IRQHandler                           0x080001f7   Thumb Code     0  startup_stm32f446xx.o(.text)
    DCMI_IRQHandler                          0x080001f7   Thumb Code     0  startup_stm32f446xx.o(.text)
    DMA1_Stream0_IRQHandler                  0x080001f7   Thumb Code     0  startup_stm32f446xx.o(.text)
    DMA1_Stream1_IRQHandler                  0x080001f7   Thumb Code     0  startup_stm32f446xx.o(.text)
    DMA1_Stream2_IRQHandler                  0x080001f7   Thumb Code     0  startup_stm32f446xx.o(.text)
    DMA1_Stream3_IRQHandler                  0x080001f7   Thumb Code     0  startup_stm32f446xx.o(.text)
    DMA1_Stream4_IRQHandler                  0x080001f7   Thumb Code     0  startup_stm32f446xx.o(.text)
    DMA1_Stream5_IRQHandler                  0x080001f7   Thumb Code     0  startup_stm32f446xx.o(.text)
    DMA1_Stream6_IRQHandler                  0x080001f7   Thumb Code     0  startup_stm32f446xx.o(.text)
    DMA1_Stream7_IRQHandler                  0x080001f7   Thumb Code     0  startup_stm32f446xx.o(.text)
    DMA2_Stream0_IRQHandler                  0x080001f7   Thumb Code     0  startup_stm32f446xx.o(.text)
    DMA2_Stream3_IRQHandler                  0x080001f7   Thumb Code     0  startup_stm32f446xx.o(.text)
    DMA2_Stream4_IRQHandler                  0x080001f7   Thumb Code     0  startup_stm32f446xx.o(.text)
    DMA2_Stream5_IRQHandler                  0x080001f7   Thumb Code     0  startup_stm32f446xx.o(.text)
    EXTI0_IRQHandler                         0x080001f7   Thumb Code     0  startup_stm32f446xx.o(.text)
    EXTI15_10_IRQHandler                     0x080001f7   Thumb Code     0  startup_stm32f446xx.o(.text)
    EXTI1_IRQHandler                         0x080001f7   Thumb Code     0  startup_stm32f446xx.o(.text)
    EXTI2_IRQHandler                         0x080001f7   Thumb Code     0  startup_stm32f446xx.o(.text)
    EXTI3_IRQHandler                         0x080001f7   Thumb Code     0  startup_stm32f446xx.o(.text)
    EXTI4_IRQHandler                         0x080001f7   Thumb Code     0  startup_stm32f446xx.o(.text)
    EXTI9_5_IRQHandler                       0x080001f7   Thumb Code     0  startup_stm32f446xx.o(.text)
    FLASH_IRQHandler                         0x080001f7   Thumb Code     0  startup_stm32f446xx.o(.text)
    FMC_IRQHandler                           0x080001f7   Thumb Code     0  startup_stm32f446xx.o(.text)
    FMPI2C1_ER_IRQHandler                    0x080001f7   Thumb Code     0  startup_stm32f446xx.o(.text)
    FMPI2C1_EV_IRQHandler                    0x080001f7   Thumb Code     0  startup_stm32f446xx.o(.text)
    FPU_IRQHandler                           0x080001f7   Thumb Code     0  startup_stm32f446xx.o(.text)
    I2C1_ER_IRQHandler                       0x080001f7   Thumb Code     0  startup_stm32f446xx.o(.text)
    I2C1_EV_IRQHandler                       0x080001f7   Thumb Code     0  startup_stm32f446xx.o(.text)
    I2C2_ER_IRQHandler                       0x080001f7   Thumb Code     0  startup_stm32f446xx.o(.text)
    I2C2_EV_IRQHandler                       0x080001f7   Thumb Code     0  startup_stm32f446xx.o(.text)
    I2C3_ER_IRQHandler                       0x080001f7   Thumb Code     0  startup_stm32f446xx.o(.text)
    I2C3_EV_IRQHandler                       0x080001f7   Thumb Code     0  startup_stm32f446xx.o(.text)
    OTG_FS_IRQHandler                        0x080001f7   Thumb Code     0  startup_stm32f446xx.o(.text)
    OTG_FS_WKUP_IRQHandler                   0x080001f7   Thumb Code     0  startup_stm32f446xx.o(.text)
    OTG_HS_EP1_IN_IRQHandler                 0x080001f7   Thumb Code     0  startup_stm32f446xx.o(.text)
    OTG_HS_EP1_OUT_IRQHandler                0x080001f7   Thumb Code     0  startup_stm32f446xx.o(.text)
    OTG_HS_IRQHandler                        0x080001f7   Thumb Code     0  startup_stm32f446xx.o(.text)
    OTG_HS_WKUP_IRQHandler                   0x080001f7   Thumb Code     0  startup_stm32f446xx.o(.text)
    PVD_IRQHandler                           0x080001f7   Thumb Code     0  startup_stm32f446xx.o(.text)
    QUADSPI_IRQHandler                       0x080001f7   Thumb Code     0  startup_stm32f446xx.o(.text)
    RCC_IRQHandler                           0x080001f7   Thumb Code     0  startup_stm32f446xx.o(.text)
    RTC_Alarm_IRQHandler                     0x080001f7   Thumb Code     0  startup_stm32f446xx.o(.text)
    RTC_WKUP_IRQHandler                      0x080001f7   Thumb Code     0  startup_stm32f446xx.o(.text)
    SAI1_IRQHandler                          0x080001f7   Thumb Code     0  startup_stm32f446xx.o(.text)
    SAI2_IRQHandler                          0x080001f7   Thumb Code     0  startup_stm32f446xx.o(.text)
    SDIO_IRQHandler                          0x080001f7   Thumb Code     0  startup_stm32f446xx.o(.text)
    SPDIF_RX_IRQHandler                      0x080001f7   Thumb Code     0  startup_stm32f446xx.o(.text)
    SPI1_IRQHandler                          0x080001f7   Thumb Code     0  startup_stm32f446xx.o(.text)
    SPI2_IRQHandler                          0x080001f7   Thumb Code     0  startup_stm32f446xx.o(.text)
    SPI3_IRQHandler                          0x080001f7   Thumb Code     0  startup_stm32f446xx.o(.text)
    SPI4_IRQHandler                          0x080001f7   Thumb Code     0  startup_stm32f446xx.o(.text)
    TAMP_STAMP_IRQHandler                    0x080001f7   Thumb Code     0  startup_stm32f446xx.o(.text)
    TIM1_BRK_TIM9_IRQHandler                 0x080001f7   Thumb Code     0  startup_stm32f446xx.o(.text)
    TIM1_CC_IRQHandler                       0x080001f7   Thumb Code     0  startup_stm32f446xx.o(.text)
    TIM1_TRG_COM_TIM11_IRQHandler            0x080001f7   Thumb Code     0  startup_stm32f446xx.o(.text)
    TIM1_UP_TIM10_IRQHandler                 0x080001f7   Thumb Code     0  startup_stm32f446xx.o(.text)
    TIM2_IRQHandler                          0x080001f7   Thumb Code     0  startup_stm32f446xx.o(.text)
    TIM3_IRQHandler                          0x080001f7   Thumb Code     0  startup_stm32f446xx.o(.text)
    TIM4_IRQHandler                          0x080001f7   Thumb Code     0  startup_stm32f446xx.o(.text)
    TIM5_IRQHandler                          0x080001f7   Thumb Code     0  startup_stm32f446xx.o(.text)
    TIM6_DAC_IRQHandler                      0x080001f7   Thumb Code     0  startup_stm32f446xx.o(.text)
    TIM7_IRQHandler                          0x080001f7   Thumb Code     0  startup_stm32f446xx.o(.text)
    TIM8_BRK_TIM12_IRQHandler                0x080001f7   Thumb Code     0  startup_stm32f446xx.o(.text)
    TIM8_CC_IRQHandler                       0x080001f7   Thumb Code     0  startup_stm32f446xx.o(.text)
    TIM8_TRG_COM_TIM14_IRQHandler            0x080001f7   Thumb Code     0  startup_stm32f446xx.o(.text)
    TIM8_UP_TIM13_IRQHandler                 0x080001f7   Thumb Code     0  startup_stm32f446xx.o(.text)
    UART4_IRQHandler                         0x080001f7   Thumb Code     0  startup_stm32f446xx.o(.text)
    UART5_IRQHandler                         0x080001f7   Thumb Code     0  startup_stm32f446xx.o(.text)
    USART2_IRQHandler                        0x080001f7   Thumb Code     0  startup_stm32f446xx.o(.text)
    USART3_IRQHandler                        0x080001f7   Thumb Code     0  startup_stm32f446xx.o(.text)
    USART6_IRQHandler                        0x080001f7   Thumb Code     0  startup_stm32f446xx.o(.text)
    WWDG_IRQHandler                          0x080001f7   Thumb Code     0  startup_stm32f446xx.o(.text)
    __aeabi_uldivmod                         0x08000201   Thumb Code    98  uldiv.o(.text)
    __aeabi_ldivmod                          0x08000263   Thumb Code    98  ldiv.o(.text)
    __aeabi_memcpy                           0x080002c5   Thumb Code    36  memcpya.o(.text)
    __aeabi_memcpy4                          0x080002c5   Thumb Code     0  memcpya.o(.text)
    __aeabi_memcpy8                          0x080002c5   Thumb Code     0  memcpya.o(.text)
    __aeabi_memset                           0x080002e9   Thumb Code    14  memseta.o(.text)
    __aeabi_memset4                          0x080002e9   Thumb Code     0  memseta.o(.text)
    __aeabi_memset8                          0x080002e9   Thumb Code     0  memseta.o(.text)
    __aeabi_memclr                           0x080002f7   Thumb Code     4  memseta.o(.text)
    __aeabi_memclr4                          0x080002f7   Thumb Code     0  memseta.o(.text)
    __aeabi_memclr8                          0x080002f7   Thumb Code     0  memseta.o(.text)
    _memset$wrapper                          0x080002fb   Thumb Code    18  memseta.o(.text)
    strlen                                   0x0800030d   Thumb Code    14  strlen.o(.text)
    __aeabi_dadd                             0x0800031b   Thumb Code   322  dadd.o(.text)
    __aeabi_dsub                             0x0800045d   Thumb Code     6  dadd.o(.text)
    __aeabi_drsub                            0x08000463   Thumb Code     6  dadd.o(.text)
    __aeabi_dmul                             0x08000469   Thumb Code   228  dmul.o(.text)
    __aeabi_ddiv                             0x0800054d   Thumb Code   222  ddiv.o(.text)
    __aeabi_f2d                              0x0800062b   Thumb Code    38  f2d.o(.text)
    __aeabi_d2f                              0x08000651   Thumb Code    56  d2f.o(.text)
    __aeabi_uidiv                            0x08000689   Thumb Code     0  uidiv.o(.text)
    __aeabi_uidivmod                         0x08000689   Thumb Code    44  uidiv.o(.text)
    __aeabi_llsl                             0x080006b5   Thumb Code    30  llshl.o(.text)
    _ll_shift_l                              0x080006b5   Thumb Code     0  llshl.o(.text)
    __aeabi_llsr                             0x080006d3   Thumb Code    32  llushr.o(.text)
    _ll_ushift_r                             0x080006d3   Thumb Code     0  llushr.o(.text)
    __aeabi_lasr                             0x080006f3   Thumb Code    36  llsshr.o(.text)
    _ll_sshift_r                             0x080006f3   Thumb Code     0  llsshr.o(.text)
    __I$use$fp                               0x08000717   Thumb Code     0  iusefp.o(.text)
    _float_round                             0x08000717   Thumb Code    18  fepilogue.o(.text)
    _float_epilogue                          0x08000729   Thumb Code    92  fepilogue.o(.text)
    _frem                                    0x08000785   Thumb Code    82  frem.o(.text)
    _double_round                            0x080007d7   Thumb Code    30  depilogue.o(.text)
    _double_epilogue                         0x080007f5   Thumb Code   156  depilogue.o(.text)
    __aeabi_d2ulz                            0x08000891   Thumb Code    48  dfixul.o(.text)
    __aeabi_cdrcmple                         0x080008c1   Thumb Code    48  cdrcmple.o(.text)
    __ARM_fcmp4                              0x080008f1   Thumb Code    54  fcmp4.o(.text)
    _fcmp4                                   0x080008f1   Thumb Code     0  fcmp4.o(.text)
    __scatterload                            0x08000929   Thumb Code    28  init.o(.text)
    __scatterload_rt2                        0x08000929   Thumb Code     0  init.o(.text)
    __decompress                             0x0800094d   Thumb Code     0  __dczerorl2.o(.text)
    __decompress1                            0x0800094d   Thumb Code    86  __dczerorl2.o(.text)
    arm_mat_add_f32                          0x080009a5   Thumb Code   186  arm_mat_add_f32.o(.text.arm_mat_add_f32)
    arm_mat_init_f32                         0x08000a5f   Thumb Code     8  arm_mat_init_f32.o(.text.arm_mat_init_f32)
    arm_mat_inverse_f32                      0x08000a69   Thumb Code   756  arm_mat_inverse_f32.o(.text.arm_mat_inverse_f32)
    arm_mat_mult_f32                         0x08000d5d   Thumb Code   296  arm_mat_mult_f32.o(.text.arm_mat_mult_f32)
    arm_mat_sub_f32                          0x08000e85   Thumb Code   186  arm_mat_sub_f32.o(.text.arm_mat_sub_f32)
    arm_mat_trans_f32                        0x08000f41   Thumb Code   162  arm_mat_trans_f32.o(.text.arm_mat_trans_f32)
    BusFault_Handler                         0x0800110d   Thumb Code     2  stm32f4xx_it.o(i.BusFault_Handler)
    Calculate_Motor_RPM                      0x08001111   Thumb Code   112  main.o(i.Calculate_Motor_RPM)
    ControlMotor                             0x08001195   Thumb Code    78  main.o(i.ControlMotor)
    DMA2_Stream1_IRQHandler                  0x080011ed   Thumb Code     6  stm32f4xx_it.o(i.DMA2_Stream1_IRQHandler)
    DMA2_Stream2_IRQHandler                  0x080011f9   Thumb Code     6  stm32f4xx_it.o(i.DMA2_Stream2_IRQHandler)
    DMA2_Stream6_IRQHandler                  0x08001205   Thumb Code     6  stm32f4xx_it.o(i.DMA2_Stream6_IRQHandler)
    DMA2_Stream7_IRQHandler                  0x08001211   Thumb Code     6  stm32f4xx_it.o(i.DMA2_Stream7_IRQHandler)
    DWT_GetDeltaT                            0x080012e9   Thumb Code    60  bsp_dwt.o(i.DWT_GetDeltaT)
    DWT_Init                                 0x0800132d   Thumb Code    54  bsp_dwt.o(i.DWT_Init)
    DebugMon_Handler                         0x08001375   Thumb Code     2  stm32f4xx_it.o(i.DebugMon_Handler)
    Error_Handler                            0x08001377   Thumb Code     4  main.o(i.Error_Handler)
    HAL_ADC_ConfigChannel                    0x0800137d   Thumb Code   334  stm32f4xx_hal_adc.o(i.HAL_ADC_ConfigChannel)
    HAL_ADC_Init                             0x080014e1   Thumb Code    84  stm32f4xx_hal_adc.o(i.HAL_ADC_Init)
    HAL_ADC_MspInit                          0x08001535   Thumb Code    84  adc.o(i.HAL_ADC_MspInit)
    HAL_DMA_Abort                            0x08001595   Thumb Code   146  stm32f4xx_hal_dma.o(i.HAL_DMA_Abort)
    HAL_DMA_Abort_IT                         0x08001627   Thumb Code    36  stm32f4xx_hal_dma.o(i.HAL_DMA_Abort_IT)
    HAL_DMA_IRQHandler                       0x0800164d   Thumb Code   412  stm32f4xx_hal_dma.o(i.HAL_DMA_IRQHandler)
    HAL_DMA_Init                             0x080017ed   Thumb Code   206  stm32f4xx_hal_dma.o(i.HAL_DMA_Init)
    HAL_DMA_Start_IT                         0x080018c1   Thumb Code   110  stm32f4xx_hal_dma.o(i.HAL_DMA_Start_IT)
    HAL_Delay                                0x08001931   Thumb Code    32  stm32f4xx_hal.o(i.HAL_Delay)
    HAL_GPIO_Init                            0x08001955   Thumb Code   436  stm32f4xx_hal_gpio.o(i.HAL_GPIO_Init)
    HAL_GPIO_WritePin                        0x08001b31   Thumb Code    10  stm32f4xx_hal_gpio.o(i.HAL_GPIO_WritePin)
    HAL_GetTick                              0x08001b3d   Thumb Code     6  stm32f4xx_hal.o(i.HAL_GetTick)
    HAL_I2C_Init                             0x08001b49   Thumb Code   376  stm32f4xx_hal_i2c.o(i.HAL_I2C_Init)
    HAL_I2C_Mem_Read                         0x08001cd1   Thumb Code   502  stm32f4xx_hal_i2c.o(i.HAL_I2C_Mem_Read)
    HAL_I2C_Mem_Write                        0x08001ed5   Thumb Code   294  stm32f4xx_hal_i2c.o(i.HAL_I2C_Mem_Write)
    HAL_I2C_MspInit                          0x08002005   Thumb Code    94  i2c.o(i.HAL_I2C_MspInit)
    HAL_IncTick                              0x08002071   Thumb Code    12  stm32f4xx_hal.o(i.HAL_IncTick)
    HAL_Init                                 0x08002081   Thumb Code    48  stm32f4xx_hal.o(i.HAL_Init)
    HAL_InitTick                             0x080020b5   Thumb Code    54  stm32f4xx_hal.o(i.HAL_InitTick)
    HAL_MspInit                              0x080020f5   Thumb Code    48  stm32f4xx_hal_msp.o(i.HAL_MspInit)
    HAL_NVIC_EnableIRQ                       0x08002129   Thumb Code    26  stm32f4xx_hal_cortex.o(i.HAL_NVIC_EnableIRQ)
    HAL_NVIC_SetPriority                     0x08002145   Thumb Code    60  stm32f4xx_hal_cortex.o(i.HAL_NVIC_SetPriority)
    HAL_NVIC_SetPriorityGrouping             0x08002185   Thumb Code    26  stm32f4xx_hal_cortex.o(i.HAL_NVIC_SetPriorityGrouping)
    HAL_PWREx_EnableOverDrive                0x080021a9   Thumb Code    98  stm32f4xx_hal_pwr_ex.o(i.HAL_PWREx_EnableOverDrive)
    HAL_RCC_ClockConfig                      0x08002219   Thumb Code   288  stm32f4xx_hal_rcc.o(i.HAL_RCC_ClockConfig)
    HAL_RCC_GetPCLK1Freq                     0x0800234d   Thumb Code    20  stm32f4xx_hal_rcc.o(i.HAL_RCC_GetPCLK1Freq)
    HAL_RCC_GetPCLK2Freq                     0x0800236d   Thumb Code    20  stm32f4xx_hal_rcc.o(i.HAL_RCC_GetPCLK2Freq)
    HAL_RCC_GetSysClockFreq                  0x0800238d   Thumb Code   140  stm32f4xx_hal_rcc_ex.o(i.HAL_RCC_GetSysClockFreq)
    HAL_RCC_OscConfig                        0x08002421   Thumb Code   900  stm32f4xx_hal_rcc_ex.o(i.HAL_RCC_OscConfig)
    HAL_SYSTICK_Config                       0x080027b9   Thumb Code    40  stm32f4xx_hal_cortex.o(i.HAL_SYSTICK_Config)
    HAL_TIMEx_MasterConfigSynchronization    0x080027e1   Thumb Code   116  stm32f4xx_hal_tim_ex.o(i.HAL_TIMEx_MasterConfigSynchronization)
    HAL_TIM_Encoder_Init                     0x08002871   Thumb Code   164  stm32f4xx_hal_tim.o(i.HAL_TIM_Encoder_Init)
    HAL_TIM_Encoder_MspInit                  0x08002915   Thumb Code   150  tim.o(i.HAL_TIM_Encoder_MspInit)
    HAL_TIM_Encoder_Start                    0x080029bd   Thumb Code   142  stm32f4xx_hal_tim.o(i.HAL_TIM_Encoder_Start)
    HAL_TIM_MspPostInit                      0x08002a4d   Thumb Code   104  tim.o(i.HAL_TIM_MspPostInit)
    HAL_TIM_PWM_ConfigChannel                0x08002ac5   Thumb Code   204  stm32f4xx_hal_tim.o(i.HAL_TIM_PWM_ConfigChannel)
    HAL_TIM_PWM_Init                         0x08002b91   Thumb Code    90  stm32f4xx_hal_tim.o(i.HAL_TIM_PWM_Init)
    HAL_TIM_PWM_MspInit                      0x08002bed   Thumb Code    30  tim.o(i.HAL_TIM_PWM_MspInit)
    HAL_TIM_PWM_Start                        0x08002c15   Thumb Code   172  stm32f4xx_hal_tim.o(i.HAL_TIM_PWM_Start)
    HAL_UARTEx_RxEventCallback               0x08002cdd   Thumb Code     2  stm32f4xx_hal_uart.o(i.HAL_UARTEx_RxEventCallback)
    HAL_UART_ErrorCallback                   0x08002cdf   Thumb Code     2  stm32f4xx_hal_uart.o(i.HAL_UART_ErrorCallback)
    HAL_UART_IRQHandler                      0x08002ce1   Thumb Code   636  stm32f4xx_hal_uart.o(i.HAL_UART_IRQHandler)
    HAL_UART_Init                            0x08002f61   Thumb Code   100  stm32f4xx_hal_uart.o(i.HAL_UART_Init)
    HAL_UART_MspInit                         0x08002fc5   Thumb Code   354  usart.o(i.HAL_UART_MspInit)
    HAL_UART_Receive_DMA                     0x08003149   Thumb Code    28  stm32f4xx_hal_uart.o(i.HAL_UART_Receive_DMA)
    HAL_UART_Receive_IT                      0x08003165   Thumb Code    28  stm32f4xx_hal_uart.o(i.HAL_UART_Receive_IT)
    HAL_UART_RxCpltCallback                  0x08003181   Thumb Code   368  main.o(i.HAL_UART_RxCpltCallback)
    HAL_UART_RxHalfCpltCallback              0x08003325   Thumb Code     2  stm32f4xx_hal_uart.o(i.HAL_UART_RxHalfCpltCallback)
    HAL_UART_Transmit                        0x08003327   Thumb Code   160  stm32f4xx_hal_uart.o(i.HAL_UART_Transmit)
    HAL_UART_TxCpltCallback                  0x080033c7   Thumb Code     2  stm32f4xx_hal_uart.o(i.HAL_UART_TxCpltCallback)
    HandleTurnToAngle                        0x080033c9   Thumb Code   150  main.o(i.HandleTurnToAngle)
    HardFault_Handler                        0x08003475   Thumb Code     2  stm32f4xx_it.o(i.HardFault_Handler)
    Heading_PID_Controller_Update            0x08003479   Thumb Code   244  main.o(i.Heading_PID_Controller_Update)
    IMU_QuaternionEKF_Init                   0x08003b19   Thumb Code   178  quaternionekf.o(i.IMU_QuaternionEKF_Init)
    INS_Init                                 0x080040a5   Thumb Code    74  task_gyro.o(i.INS_Init)
    INS_Task                                 0x08004105   Thumb Code   826  task_gyro.o(i.INS_Task)
    Kalman_Filter_Init                       0x08004475   Thumb Code   994  kalman_filter_whx.o(i.Kalman_Filter_Init)
    MPU6500_Calibrate                        0x0800485d   Thumb Code   334  main.o(i.MPU6500_Calibrate)
    MPU6500_Init                             0x080049d9   Thumb Code   222  main.o(i.MPU6500_Init)
    MPU6500_Read_All                         0x08004af1   Thumb Code   110  main.o(i.MPU6500_Read_All)
    MX_ADC1_Init                             0x08004b65   Thumb Code    88  adc.o(i.MX_ADC1_Init)
    MX_DMA_Init                              0x08004bc9   Thumb Code    88  dma.o(i.MX_DMA_Init)
    MX_GPIO_Init                             0x08004c25   Thumb Code   164  gpio.o(i.MX_GPIO_Init)
    MX_I2C1_Init                             0x08004cd5   Thumb Code    50  i2c.o(i.MX_I2C1_Init)
    MX_TIM2_Init                             0x08004d15   Thumb Code    96  tim.o(i.MX_TIM2_Init)
    MX_TIM3_Init                             0x08004d79   Thumb Code   152  tim.o(i.MX_TIM3_Init)
    MX_TIM4_Init                             0x08004e19   Thumb Code    96  tim.o(i.MX_TIM4_Init)
    MX_USART1_UART_Init                      0x08004e81   Thumb Code    48  usart.o(i.MX_USART1_UART_Init)
    MX_USART6_UART_Init                      0x08004eb9   Thumb Code    48  usart.o(i.MX_USART6_UART_Init)
    MemManage_Handler                        0x08004ef1   Thumb Code     2  stm32f4xx_it.o(i.MemManage_Handler)
    Motor_Velocity_Control_With_Heading      0x08004ef5   Thumb Code   194  main.o(i.Motor_Velocity_Control_With_Heading)
    NMI_Handler                              0x08004fc5   Thumb Code     2  stm32f4xx_it.o(i.NMI_Handler)
    Odom_Init                                0x08004fc9   Thumb Code    68  main.o(i.Odom_Init)
    Odom_Update                              0x08005021   Thumb Code   374  main.o(i.Odom_Update)
    PID_Controller_Update                    0x080051cd   Thumb Code   240  main.o(i.PID_Controller_Update)
    PendSV_Handler                           0x080052c5   Thumb Code     2  stm32f4xx_it.o(i.PendSV_Handler)
    ProcessLidarData                         0x080052c9   Thumb Code   208  main.o(i.ProcessLidarData)
    Reset_All_Controllers                    0x080053b1   Thumb Code    82  main.o(i.Reset_All_Controllers)
    SVC_Handler                              0x08005411   Thumb Code     2  stm32f4xx_it.o(i.SVC_Handler)
    SendConnectionNotification               0x08005415   Thumb Code    38  main.o(i.SendConnectionNotification)
    SendLidarToBluetooth                     0x08005445   Thumb Code   160  main.o(i.SendLidarToBluetooth)
    Send_Odom_Bluetooth                      0x08005519   Thumb Code   110  main.o(i.Send_Odom_Bluetooth)
    Send_Odom_Snapshot                       0x080055c1   Thumb Code   122  main.o(i.Send_Odom_Snapshot)
    StepMove_Check                           0x08005691   Thumb Code   130  main.o(i.StepMove_Check)
    StepMove_Start                           0x08005721   Thumb Code    36  main.o(i.StepMove_Start)
    SysTick_Handler                          0x08005749   Thumb Code     4  stm32f4xx_it.o(i.SysTick_Handler)
    SystemClock_Config                       0x0800574d   Thumb Code   150  main.o(i.SystemClock_Config)
    SystemInit                               0x080057ed   Thumb Code    12  system_stm32f4xx.o(i.SystemInit)
    TIM_Base_SetConfig                       0x080057fd   Thumb Code   164  stm32f4xx_hal_tim.o(i.TIM_Base_SetConfig)
    TIM_CCxChannelCmd                        0x080058cd   Thumb Code    26  stm32f4xx_hal_tim.o(i.TIM_CCxChannelCmd)
    TIM_OC2_SetConfig                        0x08005949   Thumb Code    98  stm32f4xx_hal_tim.o(i.TIM_OC2_SetConfig)
    UART_Start_Receive_DMA                   0x08005da1   Thumb Code   146  stm32f4xx_hal_uart.o(i.UART_Start_Receive_DMA)
    UART_Start_Receive_IT                    0x08005e41   Thumb Code    54  stm32f4xx_hal_uart.o(i.UART_Start_Receive_IT)
    USART1_IRQHandler                        0x08005ee9   Thumb Code     6  stm32f4xx_it.o(i.USART1_IRQHandler)
    UpdateSpeedRamp                          0x08005ef5   Thumb Code    74  main.o(i.UpdateSpeedRamp)
    Update_Motor_PID_Control                 0x08005f45   Thumb Code   154  main.o(i.Update_Motor_PID_Control)
    UsageFault_Handler                       0x08005ff5   Thumb Code     2  stm32f4xx_it.o(i.UsageFault_Handler)
    __0snprintf                              0x08005ff9   Thumb Code    48  printfa.o(i.__0snprintf)
    __1snprintf                              0x08005ff9   Thumb Code     0  printfa.o(i.__0snprintf)
    __2snprintf                              0x08005ff9   Thumb Code     0  printfa.o(i.__0snprintf)
    __c89snprintf                            0x08005ff9   Thumb Code     0  printfa.o(i.__0snprintf)
    snprintf                                 0x08005ff9   Thumb Code     0  printfa.o(i.__0snprintf)
    __ARM_fpclassifyf                        0x0800602d   Thumb Code    38  fpclassifyf.o(i.__ARM_fpclassifyf)
    __hardfp_acosf                           0x08006075   Thumb Code   234  acosf.o(i.__hardfp_acosf)
    __hardfp_atan2f                          0x0800618d   Thumb Code   594  atan2f.o(i.__hardfp_atan2f)
    __hardfp_cosf                            0x08006439   Thumb Code   280  cosf.o(i.__hardfp_cosf)
    __hardfp_fmaxf                           0x08006589   Thumb Code    72  fmaxf.o(i.__hardfp_fmaxf)
    __hardfp_fminf                           0x080065d1   Thumb Code    72  fminf.o(i.__hardfp_fminf)
    __hardfp_fmodf                           0x08006619   Thumb Code   176  fmodf.o(i.__hardfp_fmodf)
    __hardfp_sinf                            0x080066c9   Thumb Code   344  sinf.o(i.__hardfp_sinf)
    __hardfp_sqrtf                           0x08006859   Thumb Code    58  sqrtf.o(i.__hardfp_sqrtf)
    __mathlib_flt_infnan                     0x08006893   Thumb Code     6  funder.o(i.__mathlib_flt_infnan)
    __mathlib_flt_infnan2                    0x08006899   Thumb Code     6  funder.o(i.__mathlib_flt_infnan2)
    __mathlib_flt_invalid                    0x080068a1   Thumb Code    10  funder.o(i.__mathlib_flt_invalid)
    __mathlib_flt_underflow                  0x080068b1   Thumb Code    10  funder.o(i.__mathlib_flt_underflow)
    __mathlib_rredf2                         0x080068c1   Thumb Code   316  rredf.o(i.__mathlib_rredf2)
    __scatterload_copy                       0x08006a15   Thumb Code    14  handlers.o(i.__scatterload_copy)
    __scatterload_null                       0x08006a23   Thumb Code     2  handlers.o(i.__scatterload_null)
    __scatterload_zeroinit                   0x08006a25   Thumb Code    14  handlers.o(i.__scatterload_zeroinit)
    __set_errno                              0x08006a35   Thumb Code     6  errno.o(i.__set_errno)
    main                                     0x08007379   Thumb Code   680  main.o(i.main)
    malloc                                   0x0800766d   Thumb Code    92  malloc.o(i.malloc)
    sqrtf                                    0x080076d9   Thumb Code    62  sqrtf.o(i.sqrtf)
    AHBPrescTable                            0x0800771e   Data          16  system_stm32f4xx.o(.constdata)
    APBPrescTable                            0x0800772e   Data           8  system_stm32f4xx.o(.constdata)
    IMU_QuaternionEKF_F                      0x08007738   Data         144  quaternionekf.o(.constdata)
    Region$$Table$$Base                      0x080077e8   Number         0  anon$$obj.o(Region$$Table)
    Region$$Table$$Limit                     0x08007808   Number         0  anon$$obj.o(Region$$Table)
    bluetooth_rx_data                        0x20000000   Data           1  main.o(.data)
    target_direction                         0x20000001   Data           1  main.o(.data)
    current_direction                        0x20000002   Data           1  main.o(.data)
    bluetooth_connected                      0x20000003   Data           1  main.o(.data)
    connection_announced                     0x20000004   Data           1  main.o(.data)
    lidar_process_packet                     0x20000005   Data           1  main.o(.data)
    heading_control_enabled                  0x20000006   Data           1  main.o(.data)
    auto_turn_mode                           0x20000007   Data           1  main.o(.data)
    is_stationary                            0x20000008   Data           1  main.o(.data)
    step_move_active                         0x20000009   Data           1  main.o(.data)
    scan_active                              0x2000000a   Data           1  main.o(.data)
    sent_stop_bundle                         0x2000000b   Data           1  main.o(.data)
    scan_timer_active                        0x2000000c   Data           1  main.o(.data)
    turn_to_angle_mode                       0x2000000d   Data           1  main.o(.data)
    accel_offset_x                           0x2000000e   Data           2  main.o(.data)
    accel_offset_y                           0x20000010   Data           2  main.o(.data)
    accel_offset_z                           0x20000012   Data           2  main.o(.data)
    gyro_offset_x                            0x20000014   Data           2  main.o(.data)
    gyro_offset_y                            0x20000016   Data           2  main.o(.data)
    gyro_offset_z                            0x20000018   Data           2  main.o(.data)
    accel_x                                  0x2000001a   Data           2  main.o(.data)
    accel_y                                  0x2000001c   Data           2  main.o(.data)
    accel_z                                  0x2000001e   Data           2  main.o(.data)
    gyro_x                                   0x20000020   Data           2  main.o(.data)
    gyro_y                                   0x20000022   Data           2  main.o(.data)
    gyro_z                                   0x20000024   Data           2  main.o(.data)
    temp                                     0x20000026   Data           2  main.o(.data)
    current_speed                            0x20000028   Data           4  main.o(.data)
    target_speed                             0x2000002c   Data           4  main.o(.data)
    last_speed_update_time                   0x20000030   Data           4  main.o(.data)
    lastEncoderA                             0x20000034   Data           4  main.o(.data)
    lastEncoderB                             0x20000038   Data           4  main.o(.data)
    lastLidarAngle                           0x2000003c   Data           4  main.o(.data)
    yaw                                      0x20000040   Data           4  main.o(.data)
    target_left_rpm                          0x20000044   Data           4  main.o(.data)
    target_right_rpm                         0x20000048   Data           4  main.o(.data)
    measured_left_rpm                        0x2000004c   Data           4  main.o(.data)
    measured_right_rpm                       0x20000050   Data           4  main.o(.data)
    pwm_left                                 0x20000054   Data           4  main.o(.data)
    pwm_right                                0x20000058   Data           4  main.o(.data)
    target_heading                           0x2000005c   Data           4  main.o(.data)
    base_target_rpm                          0x20000060   Data           4  main.o(.data)
    gyro_z_bias                              0x20000064   Data           4  main.o(.data)
    stationary_start_time                    0x20000068   Data           4  main.o(.data)
    odom_x                                   0x2000006c   Data           4  main.o(.data)
    odom_y                                   0x20000070   Data           4  main.o(.data)
    odom_theta                               0x20000074   Data           4  main.o(.data)
    odom_v                                   0x20000078   Data           4  main.o(.data)
    odom_omega                               0x2000007c   Data           4  main.o(.data)
    step_start_x                             0x2000008c   Data           4  main.o(.data)
    step_start_y                             0x20000090   Data           4  main.o(.data)
    step_target_distance                     0x20000094   Data           4  main.o(.data)
    scan_prev_angle                          0x20000098   Data           4  main.o(.data)
    scan_start_time                          0x2000009c   Data           4  main.o(.data)
    turn_target_angle                        0x200000a0   Data           4  main.o(.data)
    turn_start_yaw                           0x200000a4   Data           4  main.o(.data)
    roll                                     0x200000cc   Data           4  main.o(.data)
    pitch                                    0x200000d0   Data           4  main.o(.data)
    connection_msg                           0x200000d4   Data          12  main.o(.data)
    uwTickFreq                               0x200000e0   Data           1  stm32f4xx_hal.o(.data)
    uwTickPrio                               0x200000e4   Data           4  stm32f4xx_hal.o(.data)
    uwTick                                   0x200000e8   Data           4  stm32f4xx_hal.o(.data)
    SystemCoreClock                          0x200000ec   Data           4  system_stm32f4xx.o(.data)
    SysTime                                  0x20000120   Data           8  bsp_dwt.o(.data)
    CYCCNT64                                 0x20000128   Data           8  bsp_dwt.o(.data)
    sizeof_float                             0x20000130   Data           2  kalman_filter_whx.o(.data)
    sizeof_double                            0x20000132   Data           2  kalman_filter_whx.o(.data)
    IMU_QuaternionEKF_P                      0x20000178   Data         144  quaternionekf.o(.data)
    INS_DWT_Count                            0x20000208   Data           4  task_gyro.o(.data)
    q0                                       0x20000214   Data           4  task_gyro.o(.data)
    q1                                       0x20000218   Data           4  task_gyro.o(.data)
    q2                                       0x2000021c   Data           4  task_gyro.o(.data)
    q3                                       0x20000220   Data           4  task_gyro.o(.data)
    beta                                     0x20000224   Data           4  task_gyro.o(.data)
    m_yaw                                    0x20000228   Data           4  task_gyro.o(.data)
    m_yaw_deg                                0x2000022c   Data           4  task_gyro.o(.data)
    __microlib_freelist                      0x20000234   Data           4  mvars.o(.data)
    __microlib_freelist_initialised          0x20000238   Data           4  mvars.o(.data)
    lidar_dma_buffer                         0x20000240   Data         256  main.o(.bss)
    pid_left                                 0x20000340   Data          48  main.o(.bss)
    pid_right                                0x20000370   Data          48  main.o(.bss)
    heading_pid                              0x200003a0   Data          36  main.o(.bss)
    hadc1                                    0x200003c4   Data          72  adc.o(.bss)
    hi2c1                                    0x2000040c   Data          84  i2c.o(.bss)
    htim2                                    0x20000460   Data          72  tim.o(.bss)
    htim3                                    0x200004a8   Data          72  tim.o(.bss)
    htim4                                    0x200004f0   Data          72  tim.o(.bss)
    huart1                                   0x20000538   Data          72  usart.o(.bss)
    huart6                                   0x20000580   Data          72  usart.o(.bss)
    hdma_usart1_rx                           0x200005c8   Data          96  usart.o(.bss)
    hdma_usart1_tx                           0x20000628   Data          96  usart.o(.bss)
    hdma_usart6_rx                           0x20000688   Data          96  usart.o(.bss)
    hdma_usart6_tx                           0x200006e8   Data          96  usart.o(.bss)
    QEKF_INS                                 0x20000748   Data         480  quaternionekf.o(.bss)
    IMU_QuaternionEKF_K                      0x20000928   Data          72  quaternionekf.o(.bss)
    IMU_QuaternionEKF_H                      0x20000970   Data          72  quaternionekf.o(.bss)
    INS                                      0x200009b8   Data         128  task_gyro.o(.bss)
    IMU_Param                                0x20000a38   Data          28  task_gyro.o(.bss)
    __heap_base                              0x20000a58   Data           0  startup_stm32f446xx.o(HEAP)
    __heap_limit                             0x20000c58   Data           0  startup_stm32f446xx.o(HEAP)
    __initial_sp                             0x20001058   Data           0  startup_stm32f446xx.o(STACK)



==============================================================================

Memory Map of the image

  Image Entry point : 0x080001c5

  Load Region LR_IROM1 (Base: 0x08000000, Size: 0x00007a48, Max: 0x00080000, ABSOLUTE, COMPRESSED[0x00007844])

    Execution Region ER_IROM1 (Exec base: 0x08000000, Load base: 0x08000000, Size: 0x00007808, Max: 0x00080000, ABSOLUTE)

    Exec Addr    Load Addr    Size         Type   Attr      Idx    E Section Name        Object

    0x08000000   0x08000000   0x000001c4   Data   RO            3    RESET               startup_stm32f446xx.o
    0x080001c4   0x080001c4   0x00000000   Code   RO         4769  * .ARM.Collect$$$$00000000  mc_w.l(entry.o)
    0x080001c4   0x080001c4   0x00000004   Code   RO         5104    .ARM.Collect$$$$00000001  mc_w.l(entry2.o)
    0x080001c8   0x080001c8   0x00000004   Code   RO         5107    .ARM.Collect$$$$00000004  mc_w.l(entry5.o)
    0x080001cc   0x080001cc   0x00000000   Code   RO         5109    .ARM.Collect$$$$00000008  mc_w.l(entry7b.o)
    0x080001cc   0x080001cc   0x00000000   Code   RO         5111    .ARM.Collect$$$$0000000A  mc_w.l(entry8b.o)
    0x080001cc   0x080001cc   0x00000008   Code   RO         5112    .ARM.Collect$$$$0000000B  mc_w.l(entry9a.o)
    0x080001d4   0x080001d4   0x00000004   Code   RO         5119    .ARM.Collect$$$$0000000E  mc_w.l(entry12b.o)
    0x080001d8   0x080001d8   0x00000000   Code   RO         5114    .ARM.Collect$$$$0000000F  mc_w.l(entry10a.o)
    0x080001d8   0x080001d8   0x00000000   Code   RO         5116    .ARM.Collect$$$$00000011  mc_w.l(entry11a.o)
    0x080001d8   0x080001d8   0x00000004   Code   RO         5105    .ARM.Collect$$$$00002712  mc_w.l(entry2.o)
    0x080001dc   0x080001dc   0x00000024   Code   RO            4    .text               startup_stm32f446xx.o
    0x08000200   0x08000200   0x00000062   Code   RO         4772    .text               mc_w.l(uldiv.o)
    0x08000262   0x08000262   0x00000062   Code   RO         4774    .text               mc_w.l(ldiv.o)
    0x080002c4   0x080002c4   0x00000024   Code   RO         4776    .text               mc_w.l(memcpya.o)
    0x080002e8   0x080002e8   0x00000024   Code   RO         4778    .text               mc_w.l(memseta.o)
    0x0800030c   0x0800030c   0x0000000e   Code   RO         4780    .text               mc_w.l(strlen.o)
    0x0800031a   0x0800031a   0x0000014e   Code   RO         5073    .text               mf_w.l(dadd.o)
    0x08000468   0x08000468   0x000000e4   Code   RO         5075    .text               mf_w.l(dmul.o)
    0x0800054c   0x0800054c   0x000000de   Code   RO         5077    .text               mf_w.l(ddiv.o)
    0x0800062a   0x0800062a   0x00000026   Code   RO         5081    .text               mf_w.l(f2d.o)
    0x08000650   0x08000650   0x00000038   Code   RO         5083    .text               mf_w.l(d2f.o)
    0x08000688   0x08000688   0x0000002c   Code   RO         5123    .text               mc_w.l(uidiv.o)
    0x080006b4   0x080006b4   0x0000001e   Code   RO         5125    .text               mc_w.l(llshl.o)
    0x080006d2   0x080006d2   0x00000020   Code   RO         5127    .text               mc_w.l(llushr.o)
    0x080006f2   0x080006f2   0x00000024   Code   RO         5129    .text               mc_w.l(llsshr.o)
    0x08000716   0x08000716   0x00000000   Code   RO         5140    .text               mc_w.l(iusefp.o)
    0x08000716   0x08000716   0x0000006e   Code   RO         5141    .text               mf_w.l(fepilogue.o)
    0x08000784   0x08000784   0x00000052   Code   RO         5143    .text               mf_w.l(frem.o)
    0x080007d6   0x080007d6   0x000000ba   Code   RO         5145    .text               mf_w.l(depilogue.o)
    0x08000890   0x08000890   0x00000030   Code   RO         5147    .text               mf_w.l(dfixul.o)
    0x080008c0   0x080008c0   0x00000030   Code   RO         5149    .text               mf_w.l(cdrcmple.o)
    0x080008f0   0x080008f0   0x00000036   Code   RO         5151    .text               mf_w.l(fcmp4.o)
    0x08000926   0x08000926   0x00000002   PAD
    0x08000928   0x08000928   0x00000024   Code   RO         5153    .text               mc_w.l(init.o)
    0x0800094c   0x0800094c   0x00000056   Code   RO         5165    .text               mc_w.l(__dczerorl2.o)
    0x080009a2   0x080009a2   0x00000002   PAD
    0x080009a4   0x080009a4   0x000000ba   Code   RO         4505    .text.arm_mat_add_f32  arm_cortexM4lf_math.lib(arm_mat_add_f32.o)
    0x08000a5e   0x08000a5e   0x00000008   Code   RO         4514    .text.arm_mat_init_f32  arm_cortexM4lf_math.lib(arm_mat_init_f32.o)
    0x08000a66   0x08000a66   0x00000002   PAD
    0x08000a68   0x08000a68   0x000002f4   Code   RO         4522    .text.arm_mat_inverse_f32  arm_cortexM4lf_math.lib(arm_mat_inverse_f32.o)
    0x08000d5c   0x08000d5c   0x00000128   Code   RO         4531    .text.arm_mat_mult_f32  arm_cortexM4lf_math.lib(arm_mat_mult_f32.o)
    0x08000e84   0x08000e84   0x000000ba   Code   RO         4540    .text.arm_mat_sub_f32  arm_cortexM4lf_math.lib(arm_mat_sub_f32.o)
    0x08000f3e   0x08000f3e   0x00000002   PAD
    0x08000f40   0x08000f40   0x000000a2   Code   RO         4549    .text.arm_mat_trans_f32  arm_cortexM4lf_math.lib(arm_mat_trans_f32.o)
    0x08000fe2   0x08000fe2   0x00000002   PAD
    0x08000fe4   0x08000fe4   0x00000128   Code   RO          791    i.ADC_Init          stm32f4xx_hal_adc.o
    0x0800110c   0x0800110c   0x00000002   Code   RO          658    i.BusFault_Handler  stm32f4xx_it.o
    0x0800110e   0x0800110e   0x00000002   PAD
    0x08001110   0x08001110   0x00000084   Code   RO           15    i.Calculate_Motor_RPM  main.o
    0x08001194   0x08001194   0x00000058   Code   RO           16    i.ControlMotor      main.o
    0x080011ec   0x080011ec   0x0000000c   Code   RO          659    i.DMA2_Stream1_IRQHandler  stm32f4xx_it.o
    0x080011f8   0x080011f8   0x0000000c   Code   RO          660    i.DMA2_Stream2_IRQHandler  stm32f4xx_it.o
    0x08001204   0x08001204   0x0000000c   Code   RO          661    i.DMA2_Stream6_IRQHandler  stm32f4xx_it.o
    0x08001210   0x08001210   0x0000000c   Code   RO          662    i.DMA2_Stream7_IRQHandler  stm32f4xx_it.o
    0x0800121c   0x0800121c   0x00000028   Code   RO         1609    i.DMA_CalcBaseAndBitshift  stm32f4xx_hal_dma.o
    0x08001244   0x08001244   0x00000054   Code   RO         1610    i.DMA_CheckFifoParam  stm32f4xx_hal_dma.o
    0x08001298   0x08001298   0x00000028   Code   RO         1611    i.DMA_SetConfig     stm32f4xx_hal_dma.o
    0x080012c0   0x080012c0   0x00000028   Code   RO         4159    i.DWT_CNT_Update    bsp_dwt.o
    0x080012e8   0x080012e8   0x00000044   Code   RO         4161    i.DWT_GetDeltaT     bsp_dwt.o
    0x0800132c   0x0800132c   0x00000048   Code   RO         4166    i.DWT_Init          bsp_dwt.o
    0x08001374   0x08001374   0x00000002   Code   RO          663    i.DebugMon_Handler  stm32f4xx_it.o
    0x08001376   0x08001376   0x00000004   Code   RO           17    i.Error_Handler     main.o
    0x0800137a   0x0800137a   0x00000002   PAD
    0x0800137c   0x0800137c   0x00000164   Code   RO          793    i.HAL_ADC_ConfigChannel  stm32f4xx_hal_adc.o
    0x080014e0   0x080014e0   0x00000054   Code   RO          802    i.HAL_ADC_Init      stm32f4xx_hal_adc.o
    0x08001534   0x08001534   0x00000060   Code   RO          431    i.HAL_ADC_MspInit   adc.o
    0x08001594   0x08001594   0x00000092   Code   RO         1612    i.HAL_DMA_Abort     stm32f4xx_hal_dma.o
    0x08001626   0x08001626   0x00000024   Code   RO         1613    i.HAL_DMA_Abort_IT  stm32f4xx_hal_dma.o
    0x0800164a   0x0800164a   0x00000002   PAD
    0x0800164c   0x0800164c   0x000001a0   Code   RO         1617    i.HAL_DMA_IRQHandler  stm32f4xx_hal_dma.o
    0x080017ec   0x080017ec   0x000000d4   Code   RO         1618    i.HAL_DMA_Init      stm32f4xx_hal_dma.o
    0x080018c0   0x080018c0   0x0000006e   Code   RO         1622    i.HAL_DMA_Start_IT  stm32f4xx_hal_dma.o
    0x0800192e   0x0800192e   0x00000002   PAD
    0x08001930   0x08001930   0x00000024   Code   RO         2067    i.HAL_Delay         stm32f4xx_hal.o
    0x08001954   0x08001954   0x000001dc   Code   RO         1505    i.HAL_GPIO_Init     stm32f4xx_hal_gpio.o
    0x08001b30   0x08001b30   0x0000000a   Code   RO         1509    i.HAL_GPIO_WritePin  stm32f4xx_hal_gpio.o
    0x08001b3a   0x08001b3a   0x00000002   PAD
    0x08001b3c   0x08001b3c   0x0000000c   Code   RO         2073    i.HAL_GetTick       stm32f4xx_hal.o
    0x08001b48   0x08001b48   0x00000188   Code   RO         2329    i.HAL_I2C_Init      stm32f4xx_hal_i2c.o
    0x08001cd0   0x08001cd0   0x00000204   Code   RO         2347    i.HAL_I2C_Mem_Read  stm32f4xx_hal_i2c.o
    0x08001ed4   0x08001ed4   0x00000130   Code   RO         2350    i.HAL_I2C_Mem_Write  stm32f4xx_hal_i2c.o
    0x08002004   0x08002004   0x0000006c   Code   RO          497    i.HAL_I2C_MspInit   i2c.o
    0x08002070   0x08002070   0x00000010   Code   RO         2079    i.HAL_IncTick       stm32f4xx_hal.o
    0x08002080   0x08002080   0x00000034   Code   RO         2080    i.HAL_Init          stm32f4xx_hal.o
    0x080020b4   0x080020b4   0x00000040   Code   RO         2081    i.HAL_InitTick      stm32f4xx_hal.o
    0x080020f4   0x080020f4   0x00000034   Code   RO          764    i.HAL_MspInit       stm32f4xx_hal_msp.o
    0x08002128   0x08002128   0x0000001a   Code   RO         1915    i.HAL_NVIC_EnableIRQ  stm32f4xx_hal_cortex.o
    0x08002142   0x08002142   0x00000002   PAD
    0x08002144   0x08002144   0x00000040   Code   RO         1921    i.HAL_NVIC_SetPriority  stm32f4xx_hal_cortex.o
    0x08002184   0x08002184   0x00000024   Code   RO         1922    i.HAL_NVIC_SetPriorityGrouping  stm32f4xx_hal_cortex.o
    0x080021a8   0x080021a8   0x00000070   Code   RO         1841    i.HAL_PWREx_EnableOverDrive  stm32f4xx_hal_pwr_ex.o
    0x08002218   0x08002218   0x00000134   Code   RO         1067    i.HAL_RCC_ClockConfig  stm32f4xx_hal_rcc.o
    0x0800234c   0x0800234c   0x00000020   Code   RO         1074    i.HAL_RCC_GetPCLK1Freq  stm32f4xx_hal_rcc.o
    0x0800236c   0x0800236c   0x00000020   Code   RO         1075    i.HAL_RCC_GetPCLK2Freq  stm32f4xx_hal_rcc.o
    0x0800238c   0x0800238c   0x00000094   Code   RO         1178    i.HAL_RCC_GetSysClockFreq  stm32f4xx_hal_rcc_ex.o
    0x08002420   0x08002420   0x00000398   Code   RO         1179    i.HAL_RCC_OscConfig  stm32f4xx_hal_rcc_ex.o
    0x080027b8   0x080027b8   0x00000028   Code   RO         1926    i.HAL_SYSTICK_Config  stm32f4xx_hal_cortex.o
    0x080027e0   0x080027e0   0x00000090   Code   RO         3510    i.HAL_TIMEx_MasterConfigSynchronization  stm32f4xx_hal_tim_ex.o
    0x08002870   0x08002870   0x000000a4   Code   RO         2808    i.HAL_TIM_Encoder_Init  stm32f4xx_hal_tim.o
    0x08002914   0x08002914   0x000000a8   Code   RO          539    i.HAL_TIM_Encoder_MspInit  tim.o
    0x080029bc   0x080029bc   0x0000008e   Code   RO         2811    i.HAL_TIM_Encoder_Start  stm32f4xx_hal_tim.o
    0x08002a4a   0x08002a4a   0x00000002   PAD
    0x08002a4c   0x08002a4c   0x00000078   Code   RO          540    i.HAL_TIM_MspPostInit  tim.o
    0x08002ac4   0x08002ac4   0x000000cc   Code   RO         2859    i.HAL_TIM_PWM_ConfigChannel  stm32f4xx_hal_tim.o
    0x08002b90   0x08002b90   0x0000005a   Code   RO         2862    i.HAL_TIM_PWM_Init  stm32f4xx_hal_tim.o
    0x08002bea   0x08002bea   0x00000002   PAD
    0x08002bec   0x08002bec   0x00000028   Code   RO          542    i.HAL_TIM_PWM_MspInit  tim.o
    0x08002c14   0x08002c14   0x000000c8   Code   RO         2867    i.HAL_TIM_PWM_Start  stm32f4xx_hal_tim.o
    0x08002cdc   0x08002cdc   0x00000002   Code   RO         3770    i.HAL_UARTEx_RxEventCallback  stm32f4xx_hal_uart.o
    0x08002cde   0x08002cde   0x00000002   Code   RO         3784    i.HAL_UART_ErrorCallback  stm32f4xx_hal_uart.o
    0x08002ce0   0x08002ce0   0x00000280   Code   RO         3787    i.HAL_UART_IRQHandler  stm32f4xx_hal_uart.o
    0x08002f60   0x08002f60   0x00000064   Code   RO         3788    i.HAL_UART_Init     stm32f4xx_hal_uart.o
    0x08002fc4   0x08002fc4   0x00000184   Code   RO          611    i.HAL_UART_MspInit  usart.o
    0x08003148   0x08003148   0x0000001c   Code   RO         3792    i.HAL_UART_Receive_DMA  stm32f4xx_hal_uart.o
    0x08003164   0x08003164   0x0000001c   Code   RO         3793    i.HAL_UART_Receive_IT  stm32f4xx_hal_uart.o
    0x08003180   0x08003180   0x000001a4   Code   RO           18    i.HAL_UART_RxCpltCallback  main.o
    0x08003324   0x08003324   0x00000002   Code   RO         3795    i.HAL_UART_RxHalfCpltCallback  stm32f4xx_hal_uart.o
    0x08003326   0x08003326   0x000000a0   Code   RO         3796    i.HAL_UART_Transmit  stm32f4xx_hal_uart.o
    0x080033c6   0x080033c6   0x00000002   Code   RO         3799    i.HAL_UART_TxCpltCallback  stm32f4xx_hal_uart.o
    0x080033c8   0x080033c8   0x000000ac   Code   RO           19    i.HandleTurnToAngle  main.o
    0x08003474   0x08003474   0x00000002   Code   RO          664    i.HardFault_Handler  stm32f4xx_it.o
    0x08003476   0x08003476   0x00000002   PAD
    0x08003478   0x08003478   0x00000108   Code   RO           21    i.Heading_PID_Controller_Update  main.o
    0x08003580   0x08003580   0x0000002e   Code   RO         2372    i.I2C_IsAcknowledgeFailed  stm32f4xx_hal_i2c.o
    0x080035ae   0x080035ae   0x00000002   PAD
    0x080035b0   0x080035b0   0x000000fc   Code   RO         2382    i.I2C_RequestMemoryRead  stm32f4xx_hal_i2c.o
    0x080036ac   0x080036ac   0x000000a8   Code   RO         2383    i.I2C_RequestMemoryWrite  stm32f4xx_hal_i2c.o
    0x08003754   0x08003754   0x00000056   Code   RO         2387    i.I2C_WaitOnBTFFlagUntilTimeout  stm32f4xx_hal_i2c.o
    0x080037aa   0x080037aa   0x00000002   PAD
    0x080037ac   0x080037ac   0x00000090   Code   RO         2388    i.I2C_WaitOnFlagUntilTimeout  stm32f4xx_hal_i2c.o
    0x0800383c   0x0800383c   0x000000bc   Code   RO         2389    i.I2C_WaitOnMasterAddressFlagUntilTimeout  stm32f4xx_hal_i2c.o
    0x080038f8   0x080038f8   0x00000070   Code   RO         2390    i.I2C_WaitOnRXNEFlagUntilTimeout  stm32f4xx_hal_i2c.o
    0x08003968   0x08003968   0x00000056   Code   RO         2391    i.I2C_WaitOnTXEFlagUntilTimeout  stm32f4xx_hal_i2c.o
    0x080039be   0x080039be   0x00000002   PAD
    0x080039c0   0x080039c0   0x00000158   Code   RO         4320    i.IMU_QuaternionEKF_F_Linearization_P_Fading  quaternionekf.o
    0x08003b18   0x08003b18   0x000000dc   Code   RO         4321    i.IMU_QuaternionEKF_Init  quaternionekf.o
    0x08003bf4   0x08003bf4   0x00000034   Code   RO         4322    i.IMU_QuaternionEKF_Observe  quaternionekf.o
    0x08003c28   0x08003c28   0x000000c4   Code   RO         4323    i.IMU_QuaternionEKF_SetH  quaternionekf.o
    0x08003cec   0x08003cec   0x000003b8   Code   RO         4325    i.IMU_QuaternionEKF_xhatUpdate  quaternionekf.o
    0x080040a4   0x080040a4   0x00000060   Code   RO         4392    i.INS_Init          task_gyro.o
    0x08004104   0x08004104   0x00000370   Code   RO         4393    i.INS_Task          task_gyro.o
    0x08004474   0x08004474   0x000003e8   Code   RO         4237    i.Kalman_Filter_Init  kalman_filter_whx.o
    0x0800485c   0x0800485c   0x0000017c   Code   RO           23    i.MPU6500_Calibrate  main.o
    0x080049d8   0x080049d8   0x00000118   Code   RO           24    i.MPU6500_Init      main.o
    0x08004af0   0x08004af0   0x00000074   Code   RO           25    i.MPU6500_Read_All  main.o
    0x08004b64   0x08004b64   0x00000064   Code   RO          432    i.MX_ADC1_Init      adc.o
    0x08004bc8   0x08004bc8   0x0000005c   Code   RO          472    i.MX_DMA_Init       dma.o
    0x08004c24   0x08004c24   0x000000b0   Code   RO          406    i.MX_GPIO_Init      gpio.o
    0x08004cd4   0x08004cd4   0x00000040   Code   RO          498    i.MX_I2C1_Init      i2c.o
    0x08004d14   0x08004d14   0x00000064   Code   RO          543    i.MX_TIM2_Init      tim.o
    0x08004d78   0x08004d78   0x000000a0   Code   RO          544    i.MX_TIM3_Init      tim.o
    0x08004e18   0x08004e18   0x00000068   Code   RO          545    i.MX_TIM4_Init      tim.o
    0x08004e80   0x08004e80   0x00000038   Code   RO          612    i.MX_USART1_UART_Init  usart.o
    0x08004eb8   0x08004eb8   0x00000038   Code   RO          613    i.MX_USART6_UART_Init  usart.o
    0x08004ef0   0x08004ef0   0x00000002   Code   RO          665    i.MemManage_Handler  stm32f4xx_it.o
    0x08004ef2   0x08004ef2   0x00000002   PAD
    0x08004ef4   0x08004ef4   0x000000d0   Code   RO           26    i.Motor_Velocity_Control_With_Heading  main.o
    0x08004fc4   0x08004fc4   0x00000002   Code   RO          666    i.NMI_Handler       stm32f4xx_it.o
    0x08004fc6   0x08004fc6   0x00000002   PAD
    0x08004fc8   0x08004fc8   0x00000058   Code   RO           27    i.Odom_Init         main.o
    0x08005020   0x08005020   0x000001ac   Code   RO           28    i.Odom_Update       main.o
    0x080051cc   0x080051cc   0x000000f8   Code   RO           30    i.PID_Controller_Update  main.o
    0x080052c4   0x080052c4   0x00000002   Code   RO          667    i.PendSV_Handler    stm32f4xx_it.o
    0x080052c6   0x080052c6   0x00000002   PAD
    0x080052c8   0x080052c8   0x000000e8   Code   RO           31    i.ProcessLidarData  main.o
    0x080053b0   0x080053b0   0x00000060   Code   RO           32    i.Reset_All_Controllers  main.o
    0x08005410   0x08005410   0x00000002   Code   RO          668    i.SVC_Handler       stm32f4xx_it.o
    0x08005412   0x08005412   0x00000002   PAD
    0x08005414   0x08005414   0x00000030   Code   RO           33    i.SendConnectionNotification  main.o
    0x08005444   0x08005444   0x000000d4   Code   RO           34    i.SendLidarToBluetooth  main.o
    0x08005518   0x08005518   0x000000a8   Code   RO           35    i.Send_Odom_Bluetooth  main.o
    0x080055c0   0x080055c0   0x000000d0   Code   RO           36    i.Send_Odom_Snapshot  main.o
    0x08005690   0x08005690   0x00000090   Code   RO           38    i.StepMove_Check    main.o
    0x08005720   0x08005720   0x00000028   Code   RO           39    i.StepMove_Start    main.o
    0x08005748   0x08005748   0x00000004   Code   RO          669    i.SysTick_Handler   stm32f4xx_it.o
    0x0800574c   0x0800574c   0x000000a0   Code   RO           40    i.SystemClock_Config  main.o
    0x080057ec   0x080057ec   0x00000010   Code   RO         4122    i.SystemInit        system_stm32f4xx.o
    0x080057fc   0x080057fc   0x000000d0   Code   RO         2880    i.TIM_Base_SetConfig  stm32f4xx_hal_tim.o
    0x080058cc   0x080058cc   0x0000001a   Code   RO         2881    i.TIM_CCxChannelCmd  stm32f4xx_hal_tim.o
    0x080058e6   0x080058e6   0x00000002   PAD
    0x080058e8   0x080058e8   0x00000060   Code   RO         2893    i.TIM_OC1_SetConfig  stm32f4xx_hal_tim.o
    0x08005948   0x08005948   0x0000006c   Code   RO         2894    i.TIM_OC2_SetConfig  stm32f4xx_hal_tim.o
    0x080059b4   0x080059b4   0x00000068   Code   RO         2895    i.TIM_OC3_SetConfig  stm32f4xx_hal_tim.o
    0x08005a1c   0x08005a1c   0x00000050   Code   RO         2896    i.TIM_OC4_SetConfig  stm32f4xx_hal_tim.o
    0x08005a6c   0x08005a6c   0x0000000e   Code   RO         3801    i.UART_DMAAbortOnError  stm32f4xx_hal_uart.o
    0x08005a7a   0x08005a7a   0x0000004a   Code   RO         3802    i.UART_DMAError     stm32f4xx_hal_uart.o
    0x08005ac4   0x08005ac4   0x00000086   Code   RO         3803    i.UART_DMAReceiveCplt  stm32f4xx_hal_uart.o
    0x08005b4a   0x08005b4a   0x0000001e   Code   RO         3805    i.UART_DMARxHalfCplt  stm32f4xx_hal_uart.o
    0x08005b68   0x08005b68   0x0000004e   Code   RO         3811    i.UART_EndRxTransfer  stm32f4xx_hal_uart.o
    0x08005bb6   0x08005bb6   0x0000001c   Code   RO         3812    i.UART_EndTxTransfer  stm32f4xx_hal_uart.o
    0x08005bd2   0x08005bd2   0x000000c2   Code   RO         3813    i.UART_Receive_IT   stm32f4xx_hal_uart.o
    0x08005c94   0x08005c94   0x0000010c   Code   RO         3814    i.UART_SetConfig    stm32f4xx_hal_uart.o
    0x08005da0   0x08005da0   0x000000a0   Code   RO         3815    i.UART_Start_Receive_DMA  stm32f4xx_hal_uart.o
    0x08005e40   0x08005e40   0x00000036   Code   RO         3816    i.UART_Start_Receive_IT  stm32f4xx_hal_uart.o
    0x08005e76   0x08005e76   0x00000072   Code   RO         3817    i.UART_WaitOnFlagUntilTimeout  stm32f4xx_hal_uart.o
    0x08005ee8   0x08005ee8   0x0000000c   Code   RO          670    i.USART1_IRQHandler  stm32f4xx_it.o
    0x08005ef4   0x08005ef4   0x00000050   Code   RO           41    i.UpdateSpeedRamp   main.o
    0x08005f44   0x08005f44   0x000000b0   Code   RO           42    i.Update_Motor_PID_Control  main.o
    0x08005ff4   0x08005ff4   0x00000002   Code   RO          671    i.UsageFault_Handler  stm32f4xx_it.o
    0x08005ff6   0x08005ff6   0x00000002   PAD
    0x08005ff8   0x08005ff8   0x00000034   Code   RO         5018    i.__0snprintf       mc_w.l(printfa.o)
    0x0800602c   0x0800602c   0x00000026   Code   RO         5085    i.__ARM_fpclassifyf  m_wm.l(fpclassifyf.o)
    0x08006052   0x08006052   0x00000020   Code   RO         1928    i.__NVIC_SetPriority  stm32f4xx_hal_cortex.o
    0x08006072   0x08006072   0x00000002   PAD
    0x08006074   0x08006074   0x00000118   Code   RO         4677    i.__hardfp_acosf    m_wm.l(acosf.o)
    0x0800618c   0x0800618c   0x000002ac   Code   RO         4701    i.__hardfp_atan2f   m_wm.l(atan2f.o)
    0x08006438   0x08006438   0x00000150   Code   RO         4713    i.__hardfp_cosf     m_wm.l(cosf.o)
    0x08006588   0x08006588   0x00000048   Code   RO         4761    i.__hardfp_fmaxf    m_wm.l(fmaxf.o)
    0x080065d0   0x080065d0   0x00000048   Code   RO         4765    i.__hardfp_fminf    m_wm.l(fminf.o)
    0x08006618   0x08006618   0x000000b0   Code   RO         4725    i.__hardfp_fmodf    m_wm.l(fmodf.o)
    0x080066c8   0x080066c8   0x00000190   Code   RO         4737    i.__hardfp_sinf     m_wm.l(sinf.o)
    0x08006858   0x08006858   0x0000003a   Code   RO         4749    i.__hardfp_sqrtf    m_wm.l(sqrtf.o)
    0x08006892   0x08006892   0x00000006   Code   RO         5088    i.__mathlib_flt_infnan  m_wm.l(funder.o)
    0x08006898   0x08006898   0x00000006   Code   RO         5089    i.__mathlib_flt_infnan2  m_wm.l(funder.o)
    0x0800689e   0x0800689e   0x00000002   PAD
    0x080068a0   0x080068a0   0x00000010   Code   RO         5090    i.__mathlib_flt_invalid  m_wm.l(funder.o)
    0x080068b0   0x080068b0   0x00000010   Code   RO         5093    i.__mathlib_flt_underflow  m_wm.l(funder.o)
    0x080068c0   0x080068c0   0x00000154   Code   RO         5101    i.__mathlib_rredf2  m_wm.l(rredf.o)
    0x08006a14   0x08006a14   0x0000000e   Code   RO         5159    i.__scatterload_copy  mc_w.l(handlers.o)
    0x08006a22   0x08006a22   0x00000002   Code   RO         5160    i.__scatterload_null  mc_w.l(handlers.o)
    0x08006a24   0x08006a24   0x0000000e   Code   RO         5161    i.__scatterload_zeroinit  mc_w.l(handlers.o)
    0x08006a32   0x08006a32   0x00000002   PAD
    0x08006a34   0x08006a34   0x0000000c   Code   RO         5135    i.__set_errno       mc_w.l(errno.o)
    0x08006a40   0x08006a40   0x00000184   Code   RO         5024    i._fp_digits        mc_w.l(printfa.o)
    0x08006bc4   0x08006bc4   0x000006b4   Code   RO         5025    i._printf_core      mc_w.l(printfa.o)
    0x08007278   0x08007278   0x00000024   Code   RO         5026    i._printf_post_padding  mc_w.l(printfa.o)
    0x0800729c   0x0800729c   0x0000002e   Code   RO         5027    i._printf_pre_padding  mc_w.l(printfa.o)
    0x080072ca   0x080072ca   0x00000016   Code   RO         5028    i._snputc           mc_w.l(printfa.o)
    0x080072e0   0x080072e0   0x0000006c   Code   RO           43    i._wrap_pi          main.o
    0x0800734c   0x0800734c   0x0000002c   Code   RO         4326    i.invSqrt           quaternionekf.o
    0x08007378   0x08007378   0x000002f4   Code   RO           44    i.main              main.o
    0x0800766c   0x0800766c   0x0000006c   Code   RO         5046    i.malloc            mc_w.l(malloc.o)
    0x080076d8   0x080076d8   0x0000003e   Code   RO         4751    i.sqrtf             m_wm.l(sqrtf.o)
    0x08007716   0x08007716   0x00000008   Data   RO         1624    .constdata          stm32f4xx_hal_dma.o
    0x0800771e   0x0800771e   0x00000010   Data   RO         4123    .constdata          system_stm32f4xx.o
    0x0800772e   0x0800772e   0x00000008   Data   RO         4124    .constdata          system_stm32f4xx.o
    0x08007736   0x08007736   0x00000002   PAD
    0x08007738   0x08007738   0x00000090   Data   RO         4328    .constdata          quaternionekf.o
    0x080077c8   0x080077c8   0x00000020   Data   RO         5102    .constdata          m_wm.l(rredf.o)
    0x080077e8   0x080077e8   0x00000020   Data   RO         5157    Region$$Table       anon$$obj.o


    Execution Region RW_IRAM1 (Exec base: 0x20000000, Load base: 0x08007808, Size: 0x00001058, Max: 0x00020000, ABSOLUTE, COMPRESSED[0x0000003c])

    Exec Addr    Load Addr    Size         Type   Attr      Idx    E Section Name        Object

    0x20000000   COMPRESSED   0x000000e0   Data   RW           47    .data               main.o
    0x200000e0   COMPRESSED   0x0000000c   Data   RW         2087    .data               stm32f4xx_hal.o
    0x200000ec   COMPRESSED   0x00000004   Data   RW         4125    .data               system_stm32f4xx.o
    0x200000f0   COMPRESSED   0x00000040   Data   RW         4168    .data               bsp_dwt.o
    0x20000130   COMPRESSED   0x00000004   Data   RW         4245    .data               kalman_filter_whx.o
    0x20000134   COMPRESSED   0x000000d4   Data   RW         4329    .data               quaternionekf.o
    0x20000208   COMPRESSED   0x0000002c   Data   RW         4402    .data               task_gyro.o
    0x20000234   COMPRESSED   0x00000004   Data   RW         5131    .data               mc_w.l(mvars.o)
    0x20000238   COMPRESSED   0x00000004   Data   RW         5132    .data               mc_w.l(mvars.o)
    0x2000023c   COMPRESSED   0x00000004   Data   RW         5136    .data               mc_w.l(errno.o)
    0x20000240        -       0x00000184   Zero   RW           46    .bss                main.o
    0x200003c4        -       0x00000048   Zero   RW          433    .bss                adc.o
    0x2000040c        -       0x00000054   Zero   RW          499    .bss                i2c.o
    0x20000460        -       0x000000d8   Zero   RW          546    .bss                tim.o
    0x20000538        -       0x00000210   Zero   RW          614    .bss                usart.o
    0x20000748        -       0x00000270   Zero   RW         4327    .bss                quaternionekf.o
    0x200009b8        -       0x0000009c   Zero   RW         4397    .bss                task_gyro.o
    0x20000a54   COMPRESSED   0x00000004   PAD
    0x20000a58        -       0x00000200   Zero   RW            2    HEAP                startup_stm32f446xx.o
    0x20000c58        -       0x00000400   Zero   RW            1    STACK               startup_stm32f446xx.o


==============================================================================

Image component sizes


      Code (inc. data)   RO Data    RW Data    ZI Data      Debug   Object Name

       196         24          0          0         72       1753   adc.o
       180         36          0         64          0       3286   bsp_dwt.o
        92          4          0          0          0        826   dma.o
       176         12          0          0          0       1007   gpio.o
       172         28          0          0         84       1725   i2c.o
      1000          6          0          4          0       3698   kalman_filter_whx.o
      5256        722          0        224        388     779565   main.o
      1808        116        144        212        624      10199   quaternionekf.o
        36          8        452          0       1536        848   startup_stm32f446xx.o
       180         28          0         12          0       9377   stm32f4xx_hal.o
       736         34          0          0          0       2935   stm32f4xx_hal_adc.o
       198         14          0          0          0      33891   stm32f4xx_hal_cortex.o
      1084         16          8          0          0       7466   stm32f4xx_hal_dma.o
       486         40          0          0          0       2220   stm32f4xx_hal_gpio.o
      2294         52          0          0          0      13358   stm32f4xx_hal_i2c.o
        52          4          0          0          0        894   stm32f4xx_hal_msp.o
       112         14          0          0          0       1312   stm32f4xx_hal_pwr_ex.o
       372         44          0          0          0       2958   stm32f4xx_hal_rcc.o
      1068         28          0          0          0       2854   stm32f4xx_hal_rcc_ex.o
      1422        108          0          0          0      10585   stm32f4xx_hal_tim.o
       144         28          0          0          0       1400   stm32f4xx_hal_tim_ex.o
      2112         28          0          0          0      16510   stm32f4xx_hal_uart.o
        80         30          0          0          0       6742   stm32f4xx_it.o
        16          4         24          4          0       1163   system_stm32f4xx.o
       976         76          0         44        156       4341   task_gyro.o
       692         64          0          0        216       4595   tim.o
       500         50          0          0        528       2871   usart.o

    ----------------------------------------------------------------------
     21478       1618        662        564       3608     928379   Object Totals
         0          0         32          0          0          0   (incl. Generated)
        38          0          2          0          4          0   (incl. Padding)

    ----------------------------------------------------------------------

      Code (inc. data)   RO Data    RW Data    ZI Data      Debug   Library Member Name

       186          0          0          0          0       1797   arm_mat_add_f32.o
         8          0          0          0          0        841   arm_mat_init_f32.o
       756          4          0          0          0       3732   arm_mat_inverse_f32.o
       296          4          0          0          0       2300   arm_mat_mult_f32.o
       186          0          0          0          0       1795   arm_mat_sub_f32.o
       162          0          0          0          0       1865   arm_mat_trans_f32.o
       280         46          0          0          0        176   acosf.o
       684         90          0          0          0        208   atan2f.o
       336         56          0          0          0        136   cosf.o
        72          0          0          0          0        148   fmaxf.o
        72          0          0          0          0        148   fminf.o
       176          0          0          0          0        168   fmodf.o
        38          0          0          0          0        116   fpclassifyf.o
        44         12          0          0          0        464   funder.o
       340         24         32          0          0        160   rredf.o
       400         56          0          0          0        212   sinf.o
       120          0          0          0          0        272   sqrtf.o
        86          0          0          0          0          0   __dczerorl2.o
         0          0          0          0          0          0   entry.o
         0          0          0          0          0          0   entry10a.o
         0          0          0          0          0          0   entry11a.o
         4          0          0          0          0          0   entry12b.o
         8          4          0          0          0          0   entry2.o
         4          0          0          0          0          0   entry5.o
         0          0          0          0          0          0   entry7b.o
         0          0          0          0          0          0   entry8b.o
         8          4          0          0          0          0   entry9a.o
        12          6          0          4          0         68   errno.o
        30          0          0          0          0          0   handlers.o
        36          8          0          0          0         68   init.o
         0          0          0          0          0          0   iusefp.o
        98          0          0          0          0         84   ldiv.o
        30          0          0          0          0         68   llshl.o
        36          0          0          0          0         68   llsshr.o
        32          0          0          0          0         68   llushr.o
       108         16          0          0          0         84   malloc.o
        36          0          0          0          0         68   memcpya.o
        36          0          0          0          0        108   memseta.o
         0          0          0          8          0          0   mvars.o
      2260         84          0          0          0        536   printfa.o
        14          0          0          0          0         68   strlen.o
        44          0          0          0          0         80   uidiv.o
        98          0          0          0          0         92   uldiv.o
        48          0          0          0          0         68   cdrcmple.o
        56          0          0          0          0         88   d2f.o
       334          0          0          0          0        148   dadd.o
       222          0          0          0          0        100   ddiv.o
       186          0          0          0          0        176   depilogue.o
        48          0          0          0          0         68   dfixul.o
       228          0          0          0          0         96   dmul.o
        38          0          0          0          0         68   f2d.o
        54          0          0          0          0         68   fcmp4.o
       110          0          0          0          0        168   fepilogue.o
        82          0          0          0          0         96   frem.o

    ----------------------------------------------------------------------
      8556        414         32         12          0      17142   Library Totals
        14          0          0          0          0          0   (incl. Padding)

    ----------------------------------------------------------------------

      Code (inc. data)   RO Data    RW Data    ZI Data      Debug   Library Name

      1594          8          0          0          0      12330   arm_cortexM4lf_math.lib
      2562        284         32          0          0       2208   m_wm.l
      2980        122          0         12          0       1460   mc_w.l
      1406          0          0          0          0       1144   mf_w.l

    ----------------------------------------------------------------------
      8556        414         32         12          0      17142   Library Totals

    ----------------------------------------------------------------------

==============================================================================


      Code (inc. data)   RO Data    RW Data    ZI Data      Debug   

     30034       2032        694        576       3608     929773   Grand Totals
     30034       2032        694         60       3608     929773   ELF Image Totals (compressed)
     30034       2032        694         60          0          0   ROM Totals

==============================================================================

    Total RO  Size (Code + RO Data)                30728 (  30.01kB)
    Total RW  Size (RW Data + ZI Data)              4184 (   4.09kB)
    Total ROM Size (Code + RO Data + RW Data)      30788 (  30.07kB)

==============================================================================

